Component: ARM Compiler 5.06 update 3 (build 300) Tool: armlink [4d35c9]

==============================================================================

Section Cross References

    startup_stm32f072.o(RESET) refers to startup_stm32f072.o(STACK) for __initial_sp
    startup_stm32f072.o(RESET) refers to startup_stm32f072.o(.text) for Reset_Handler
    startup_stm32f072.o(RESET) refers to stm32f0xx_it.o(i.NMI_Handler) for NMI_Handler
    startup_stm32f072.o(RESET) refers to stm32f0xx_it.o(i.HardFault_Handler) for HardFault_Handler
    startup_stm32f072.o(RESET) refers to stm32f0xx_it.o(i.SVC_Handler) for SVC_Handler
    startup_stm32f072.o(RESET) refers to stm32f0xx_it.o(i.PendSV_Handler) for PendSV_Handler
    startup_stm32f072.o(RESET) refers to stm32f0xx_it.o(i.SysTick_Handler) for SysTick_Handler
    startup_stm32f072.o(RESET) refers to stm32f0xx_it.o(i.EXTI0_1_IRQHandler) for EXTI0_1_IRQHandler
    startup_stm32f072.o(.text) refers to system_stm32f0xx.o(i.SystemInit) for SystemInit
    startup_stm32f072.o(.text) refers to entry.o(.ARM.Collect$$$$00000000) for __main
    system_stm32f0xx.o(i.SystemCoreClockUpdate) refers to uidiv.o(.text) for __aeabi_uidivmod
    system_stm32f0xx.o(i.SystemCoreClockUpdate) refers to system_stm32f0xx.o(.data) for .data
    system_stm32f0xx.o(i.SystemInit) refers to system_stm32f0xx.o(i.SetSysClock) for SetSysClock
    stm32f0xx_rcc.o(i.RCC_GetClocksFreq) refers to uidiv.o(.text) for __aeabi_uidivmod
    stm32f0xx_rcc.o(i.RCC_GetClocksFreq) refers to stm32f0xx_rcc.o(.data) for .data
    stm32f0xx_rcc.o(i.RCC_WaitForHSEStartUp) refers to stm32f0xx_rcc.o(i.RCC_GetFlagStatus) for RCC_GetFlagStatus
    stm32f0xx_gpio.o(i.GPIO_DeInit) refers to stm32f0xx_rcc.o(i.RCC_AHBPeriphResetCmd) for RCC_AHBPeriphResetCmd
    stm32f0xx_spi.o(i.I2S_Init) refers to stm32f0xx_rcc.o(i.RCC_GetClocksFreq) for RCC_GetClocksFreq
    stm32f0xx_spi.o(i.I2S_Init) refers to uidiv.o(.text) for __aeabi_uidivmod
    stm32f0xx_spi.o(i.SPI_I2S_DeInit) refers to stm32f0xx_rcc.o(i.RCC_APB2PeriphResetCmd) for RCC_APB2PeriphResetCmd
    stm32f0xx_spi.o(i.SPI_I2S_DeInit) refers to stm32f0xx_rcc.o(i.RCC_APB1PeriphResetCmd) for RCC_APB1PeriphResetCmd
    stm32f0xx_usart.o(i.USART_DeInit) refers to stm32f0xx_rcc.o(i.RCC_APB2PeriphResetCmd) for RCC_APB2PeriphResetCmd
    stm32f0xx_usart.o(i.USART_DeInit) refers to stm32f0xx_rcc.o(i.RCC_APB1PeriphResetCmd) for RCC_APB1PeriphResetCmd
    stm32f0xx_usart.o(i.USART_Init) refers to stm32f0xx_rcc.o(i.RCC_GetClocksFreq) for RCC_GetClocksFreq
    stm32f0xx_usart.o(i.USART_Init) refers to uidiv.o(.text) for __aeabi_uidivmod
    stm32f0xx_i2c.o(i.I2C_DeInit) refers to stm32f0xx_rcc.o(i.RCC_APB1PeriphResetCmd) for RCC_APB1PeriphResetCmd
    tsl.o(i.TSL_Init) refers to tsl_time_stm32f0xx.o(i.TSL_tim_Init) for TSL_tim_Init
    tsl.o(i.TSL_Init) refers to tsl_acq_stm32f0xx.o(i.TSL_acq_Init) for TSL_acq_Init
    tsl.o(i.TSL_Init) refers to tsl_globals.o(.bss) for TSL_Globals
    tsl_acq.o(i.TSL_acq_BankCalibrate) refers to tsl_acq_stm32f0xx.o(i.TSL_acq_BankWaitEOC) for TSL_acq_BankWaitEOC
    tsl_acq.o(i.TSL_acq_BankCalibrate) refers to tsl_acq.o(i.TSL_acq_BankClearData) for TSL_acq_BankClearData
    tsl_acq.o(i.TSL_acq_BankCalibrate) refers to tsl_acq_stm32f0xx.o(i.TSL_acq_BankConfig) for TSL_acq_BankConfig
    tsl_acq.o(i.TSL_acq_BankCalibrate) refers to tsl_acq_stm32f0xx.o(i.TSL_acq_BankStartAcq) for TSL_acq_BankStartAcq
    tsl_acq.o(i.TSL_acq_BankCalibrate) refers to tsl_acq_stm32f0xx.o(i.TSL_acq_GetMeas) for TSL_acq_GetMeas
    tsl_acq.o(i.TSL_acq_BankCalibrate) refers to tsl_globals.o(.bss) for TSL_Globals
    tsl_acq.o(i.TSL_acq_BankCalibrate) refers to tsl_acq.o(.data) for .data
    tsl_acq.o(i.TSL_acq_BankCalibrate) refers to tsl_user.o(.data) for TSL_Params
    tsl_acq.o(i.TSL_acq_BankClearData) refers to tsl_globals.o(.bss) for TSL_Globals
    tsl_acq.o(i.TSL_acq_BankGetResult) refers to tsl_acq_stm32f0xx.o(i.TSL_acq_GetMeas) for TSL_acq_GetMeas
    tsl_acq.o(i.TSL_acq_BankGetResult) refers to tsl_acq_stm32f0xx.o(i.TSL_acq_UseFilter) for TSL_acq_UseFilter
    tsl_acq.o(i.TSL_acq_BankGetResult) refers to tsl_acq_stm32f0xx.o(i.TSL_acq_ComputeDelta) for TSL_acq_ComputeDelta
    tsl_acq.o(i.TSL_acq_BankGetResult) refers to tsl_acq_stm32f0xx.o(i.TSL_acq_CheckNoise) for TSL_acq_CheckNoise
    tsl_acq.o(i.TSL_acq_BankGetResult) refers to tsl_globals.o(.bss) for TSL_Globals
    tsl_acq.o(i.TSL_acq_BankGetResult) refers to tsl_user.o(.data) for TSL_Params
    tsl_acq_stm32f0xx.o(i.TSL_acq_BankConfig) refers to tsl_globals.o(.bss) for TSL_Globals
    tsl_acq_stm32f0xx.o(i.TSL_acq_BankStartAcq) refers to tsl_acq_stm32f0xx.o(i.SoftDelay) for SoftDelay
    tsl_acq_stm32f0xx.o(i.TSL_acq_BankStartAcq) refers to tsl_acq_stm32f0xx.o(.data) for .data
    tsl_acq_stm32f0xx.o(i.TSL_acq_Init) refers to tsl_acq_stm32f0xx.o(i.TSL_acq_InitGPIOs) for TSL_acq_InitGPIOs
    tsl_acq_stm32f0xx.o(i.TSL_acq_Init) refers to uidiv.o(.text) for __aeabi_uidivmod
    tsl_acq_stm32f0xx.o(i.TSL_acq_Init) refers to system_stm32f0xx.o(.data) for SystemCoreClock
    tsl_acq_stm32f0xx.o(i.TSL_acq_Init) refers to tsl_acq_stm32f0xx.o(.data) for .data
    tsl_acq_stm32f0xx.o(i.TSL_acq_InitGPIOs) refers to stm32f0xx_gpio.o(i.GPIO_Init) for GPIO_Init
    tsl_ecs.o(i.TSL_ecs_CalcK) refers to tsl_object.o(i.TSL_obj_SetGlobalObj) for TSL_obj_SetGlobalObj
    tsl_ecs.o(i.TSL_ecs_CalcK) refers to tsl_globals.o(.bss) for TSL_Globals
    tsl_ecs.o(i.TSL_ecs_Process) refers to tsl_time.o(i.TSL_tim_CheckDelay_ms) for TSL_tim_CheckDelay_ms
    tsl_ecs.o(i.TSL_ecs_Process) refers to tsl_ecs.o(i.TSL_ecs_CalcK) for TSL_ecs_CalcK
    tsl_ecs.o(i.TSL_ecs_Process) refers to tsl_ecs.o(i.TSL_ecs_ProcessK) for TSL_ecs_ProcessK
    tsl_ecs.o(i.TSL_ecs_Process) refers to tsl_globals.o(.bss) for TSL_Globals
    tsl_ecs.o(i.TSL_ecs_ProcessK) refers to tsl_object.o(i.TSL_obj_SetGlobalObj) for TSL_obj_SetGlobalObj
    tsl_ecs.o(i.TSL_ecs_ProcessK) refers to tsl_acq_stm32f0xx.o(i.TSL_acq_ComputeMeas) for TSL_acq_ComputeMeas
    tsl_ecs.o(i.TSL_ecs_ProcessK) refers to tsl_acq_stm32f0xx.o(i.TSL_acq_TestReferenceOutOfRange) for TSL_acq_TestReferenceOutOfRange
    tsl_ecs.o(i.TSL_ecs_ProcessK) refers to tsl_globals.o(.bss) for TSL_Globals
    tsl_ecs.o(i.TSL_ecs_ProcessK) refers to tsl_linrot.o(i.TSL_linrot_SetStateCalibration) for TSL_linrot_SetStateCalibration
    tsl_linrot.o(i.TSL_linrot_CalcPos) refers to uidiv.o(.text) for __aeabi_uidivmod
    tsl_linrot.o(i.TSL_linrot_CalcPos) refers to tsl_globals.o(.bss) for TSL_Globals
    tsl_linrot.o(i.TSL_linrot_CalcPos) refers to tsl_linrot.o(.data) for .data
    tsl_linrot.o(i.TSL_linrot_CalibrationStateProcess) refers to tsl_linrot.o(i.TSL_linrot_ProcessCh_One_AcqStatusError) for TSL_linrot_ProcessCh_One_AcqStatusError
    tsl_linrot.o(i.TSL_linrot_CalibrationStateProcess) refers to tsl_acq_stm32f0xx.o(i.TSL_acq_TestFirstReferenceIsValid) for TSL_acq_TestFirstReferenceIsValid
    tsl_linrot.o(i.TSL_linrot_CalibrationStateProcess) refers to tsl_globals.o(.bss) for TSL_Globals
    tsl_linrot.o(i.TSL_linrot_CalibrationStateProcess) refers to tsl_user.o(.data) for TSL_Params
    tsl_linrot.o(i.TSL_linrot_CalibrationStateProcess) refers to tsl_linrot.o(.data) for .data
    tsl_linrot.o(i.TSL_linrot_DTOGetTime) refers to tsl_globals.o(.bss) for TSL_Globals
    tsl_linrot.o(i.TSL_linrot_DebCalibrationStateProcess) refers to tsl_linrot.o(i.TSL_linrot_ProcessCh_One_AcqStatusError) for TSL_linrot_ProcessCh_One_AcqStatusError
    tsl_linrot.o(i.TSL_linrot_DebCalibrationStateProcess) refers to tsl_linrot.o(i.TSL_linrot_ProcessCh_One_DeltaBelowEquMinus) for TSL_linrot_ProcessCh_One_DeltaBelowEquMinus
    tsl_linrot.o(i.TSL_linrot_DebCalibrationStateProcess) refers to tsl_linrot.o(i.TSL_linrot_SetStateCalibration) for TSL_linrot_SetStateCalibration
    tsl_linrot.o(i.TSL_linrot_DebCalibrationStateProcess) refers to tsl_globals.o(.bss) for TSL_Globals
    tsl_linrot.o(i.TSL_linrot_DebDetectStateProcess) refers to tsl_linrot.o(i.TSL_linrot_ProcessCh_One_AcqStatusError) for TSL_linrot_ProcessCh_One_AcqStatusError
    tsl_linrot.o(i.TSL_linrot_DebDetectStateProcess) refers to tsl_linrot.o(i.TSL_linrot_ProcessCh_One_DeltaAboveEqu) for TSL_linrot_ProcessCh_One_DeltaAboveEqu
    tsl_linrot.o(i.TSL_linrot_DebDetectStateProcess) refers to tsl_globals.o(.bss) for TSL_Globals
    tsl_linrot.o(i.TSL_linrot_DebErrorStateProcess) refers to tsl_linrot.o(i.TSL_linrot_ProcessCh_One_AcqStatusError) for TSL_linrot_ProcessCh_One_AcqStatusError
    tsl_linrot.o(i.TSL_linrot_DebErrorStateProcess) refers to tsl_linrot.o(i.TSL_linrot_GetStateMask) for TSL_linrot_GetStateMask
    tsl_linrot.o(i.TSL_linrot_DebErrorStateProcess) refers to tsl_linrot.o(i.TSL_linrot_SetStateCalibration) for TSL_linrot_SetStateCalibration
    tsl_linrot.o(i.TSL_linrot_DebErrorStateProcess) refers to tsl_globals.o(.bss) for TSL_Globals
    tsl_linrot.o(i.TSL_linrot_DebReleaseDetectStateProcess) refers to tsl_linrot.o(i.TSL_linrot_ProcessCh_One_AcqStatusError) for TSL_linrot_ProcessCh_One_AcqStatusError
    tsl_linrot.o(i.TSL_linrot_DebReleaseDetectStateProcess) refers to tsl_linrot.o(i.TSL_linrot_ProcessCh_One_DeltaAbove) for TSL_linrot_ProcessCh_One_DeltaAbove
    tsl_linrot.o(i.TSL_linrot_DebReleaseDetectStateProcess) refers to tsl_globals.o(.bss) for TSL_Globals
    tsl_linrot.o(i.TSL_linrot_DebReleaseTouchStateProcess) refers to tsl_linrot.o(i.TSL_linrot_ProcessCh_One_AcqStatusError) for TSL_linrot_ProcessCh_One_AcqStatusError
    tsl_linrot.o(i.TSL_linrot_DebReleaseTouchStateProcess) refers to tsl_linrot.o(i.TSL_linrot_ProcessCh_One_DeltaAbove) for TSL_linrot_ProcessCh_One_DeltaAbove
    tsl_linrot.o(i.TSL_linrot_DebReleaseTouchStateProcess) refers to tsl_globals.o(.bss) for TSL_Globals
    tsl_linrot.o(i.TSL_linrot_DetectStateProcess) refers to tsl_linrot.o(i.TSL_linrot_ProcessCh_One_AcqStatusError) for TSL_linrot_ProcessCh_One_AcqStatusError
    tsl_linrot.o(i.TSL_linrot_DetectStateProcess) refers to tsl_linrot.o(i.TSL_linrot_ProcessCh_One_DeltaAbove) for TSL_linrot_ProcessCh_One_DeltaAbove
    tsl_linrot.o(i.TSL_linrot_DetectStateProcess) refers to tsl_globals.o(.bss) for TSL_Globals
    tsl_linrot.o(i.TSL_linrot_DetectStateProcess) refers to tsl_user.o(.data) for TSL_Params
    tsl_linrot.o(i.TSL_linrot_GetStateId) refers to tsl_globals.o(.bss) for TSL_Globals
    tsl_linrot.o(i.TSL_linrot_GetStateMask) refers to tsl_globals.o(.bss) for TSL_Globals
    tsl_linrot.o(i.TSL_linrot_Init) refers to tsl_linrot.o(i.TSL_linrot_SetStateCalibration) for TSL_linrot_SetStateCalibration
    tsl_linrot.o(i.TSL_linrot_Init) refers to tsl_globals.o(.bss) for TSL_Globals
    tsl_linrot.o(i.TSL_linrot_IsChanged) refers to tsl_globals.o(.bss) for TSL_Globals
    tsl_linrot.o(i.TSL_linrot_NormDelta) refers to tsl_globals.o(.bss) for TSL_Globals
    tsl_linrot.o(i.TSL_linrot_Process) refers to tsl_linrot.o(i.TSL_linrot_ProcessCh_One_DataReady) for TSL_linrot_ProcessCh_One_DataReady
    tsl_linrot.o(i.TSL_linrot_Process) refers to tsl_globals.o(.bss) for TSL_Globals
    tsl_linrot.o(i.TSL_linrot_ProcessCh_All_AcqStatus) refers to tsl_globals.o(.bss) for TSL_Globals
    tsl_linrot.o(i.TSL_linrot_ProcessCh_All_ClearRef) refers to tsl_globals.o(.bss) for TSL_Globals
    tsl_linrot.o(i.TSL_linrot_ProcessCh_All_DeltaBelowEqu) refers to tsl_globals.o(.bss) for TSL_Globals
    tsl_linrot.o(i.TSL_linrot_ProcessCh_All_SetStatus) refers to tsl_globals.o(.bss) for TSL_Globals
    tsl_linrot.o(i.TSL_linrot_ProcessCh_One_AcqStatusError) refers to tsl_globals.o(.bss) for TSL_Globals
    tsl_linrot.o(i.TSL_linrot_ProcessCh_One_DataReady) refers to tsl_globals.o(.bss) for TSL_Globals
    tsl_linrot.o(i.TSL_linrot_ProcessCh_One_DeltaAbove) refers to tsl_globals.o(.bss) for TSL_Globals
    tsl_linrot.o(i.TSL_linrot_ProcessCh_One_DeltaAboveEqu) refers to tsl_globals.o(.bss) for TSL_Globals
    tsl_linrot.o(i.TSL_linrot_ProcessCh_One_DeltaBelowEquMinus) refers to tsl_globals.o(.bss) for TSL_Globals
    tsl_linrot.o(i.TSL_linrot_ReleaseStateProcess) refers to tsl_linrot.o(i.TSL_linrot_ProcessCh_One_AcqStatusError) for TSL_linrot_ProcessCh_One_AcqStatusError
    tsl_linrot.o(i.TSL_linrot_ReleaseStateProcess) refers to tsl_linrot.o(i.TSL_linrot_ProcessCh_One_DeltaAboveEqu) for TSL_linrot_ProcessCh_One_DeltaAboveEqu
    tsl_linrot.o(i.TSL_linrot_ReleaseStateProcess) refers to tsl_linrot.o(i.TSL_linrot_ProcessCh_One_DeltaBelowEquMinus) for TSL_linrot_ProcessCh_One_DeltaBelowEquMinus
    tsl_linrot.o(i.TSL_linrot_ReleaseStateProcess) refers to tsl_linrot.o(i.TSL_linrot_SetStateCalibration) for TSL_linrot_SetStateCalibration
    tsl_linrot.o(i.TSL_linrot_ReleaseStateProcess) refers to tsl_globals.o(.bss) for TSL_Globals
    tsl_linrot.o(i.TSL_linrot_SetStateBurstOnly) refers to tsl_linrot.o(i.TSL_linrot_ProcessCh_All_SetStatus) for TSL_linrot_ProcessCh_All_SetStatus
    tsl_linrot.o(i.TSL_linrot_SetStateBurstOnly) refers to tsl_globals.o(.bss) for TSL_Globals
    tsl_linrot.o(i.TSL_linrot_SetStateCalibration) refers to tsl_linrot.o(i.TSL_linrot_ProcessCh_All_SetStatus) for TSL_linrot_ProcessCh_All_SetStatus
    tsl_linrot.o(i.TSL_linrot_SetStateCalibration) refers to tsl_linrot.o(i.TSL_linrot_ProcessCh_All_ClearRef) for TSL_linrot_ProcessCh_All_ClearRef
    tsl_linrot.o(i.TSL_linrot_SetStateCalibration) refers to tsl_globals.o(.bss) for TSL_Globals
    tsl_linrot.o(i.TSL_linrot_SetStateCalibration) refers to tsl_user.o(.data) for TSL_Params
    tsl_linrot.o(i.TSL_linrot_SetStateCalibration) refers to tsl_linrot.o(.data) for .data
    tsl_linrot.o(i.TSL_linrot_SetStateOff) refers to tsl_linrot.o(i.TSL_linrot_ProcessCh_All_SetStatus) for TSL_linrot_ProcessCh_All_SetStatus
    tsl_linrot.o(i.TSL_linrot_SetStateOff) refers to tsl_globals.o(.bss) for TSL_Globals
    tsl_linrot.o(i.TSL_linrot_TouchStateProcess) refers to tsl_linrot.o(i.TSL_linrot_ProcessCh_One_AcqStatusError) for TSL_linrot_ProcessCh_One_AcqStatusError
    tsl_linrot.o(i.TSL_linrot_TouchStateProcess) refers to tsl_linrot.o(i.TSL_linrot_ProcessCh_One_DeltaAbove) for TSL_linrot_ProcessCh_One_DeltaAbove
    tsl_linrot.o(i.TSL_linrot_TouchStateProcess) refers to tsl_globals.o(.bss) for TSL_Globals
    tsl_linrot.o(i.TSL_linrot_TouchStateProcess) refers to tsl_user.o(.data) for TSL_Params
    tsl_object.o(i.TSL_obj_GroupInit) refers to tsl_object.o(i.TSL_obj_SetGlobalObj) for TSL_obj_SetGlobalObj
    tsl_object.o(i.TSL_obj_GroupInit) refers to tsl_globals.o(.bss) for TSL_Globals
    tsl_object.o(i.TSL_obj_GroupProcess) refers to tsl_object.o(i.TSL_obj_SetGlobalObj) for TSL_obj_SetGlobalObj
    tsl_object.o(i.TSL_obj_GroupProcess) refers to tsl_globals.o(.bss) for TSL_Globals
    tsl_object.o(i.TSL_obj_SetGlobalObj) refers to tsl_globals.o(.bss) for TSL_Globals
    tsl_time.o(i.TSL_tim_CheckDelay_ms) refers to tsl_globals.o(.bss) for TSL_Globals
    tsl_time.o(i.TSL_tim_CheckDelay_sec) refers to tsl_globals.o(.bss) for TSL_Globals
    tsl_time.o(i.TSL_tim_ProcessIT) refers to tsl_globals.o(.bss) for TSL_Globals
    tsl_time.o(i.TSL_tim_ProcessIT) refers to tsl_time.o(.data) for .data
    tsl_time_stm32f0xx.o(i.TSL_tim_Init) refers to uidiv.o(.text) for __aeabi_uidivmod
    tsl_time_stm32f0xx.o(i.TSL_tim_Init) refers to system_stm32f0xx.o(.data) for SystemCoreClock
    main.o(i.Init_Std_GPIOs) refers to stm32f0xx_gpio.o(i.GPIO_Init) for GPIO_Init
    main.o(i.MyLinRots_ErrorStateProcess) refers to tsl_linrot.o(i.TSL_linrot_SetStateOff) for TSL_linrot_SetStateOff
    main.o(i.MyLinRots_ErrorStateProcess) refers to main.o(i.SystickDelay) for SystickDelay
    main.o(i.ProcessSensors) refers to tsl_user.o(.data) for Gv_ProcessSensor
    main.o(i.ProcessSensors) refers to tsl_user.o(.constdata) for MyLinRots
    main.o(i.SystickDelay) refers to main.o(.data) for .data
    main.o(i.main) refers to main.o(i.Init_Std_GPIOs) for Init_Std_GPIOs
    main.o(i.main) refers to tsl_user.o(i.TSL_user_Init) for TSL_user_Init
    main.o(i.main) refers to tsl_user.o(i.TSL_user_Action) for TSL_user_Action
    main.o(i.main) refers to main.o(i.ProcessSensors) for ProcessSensors
    tsl_user.o(i.TSL_user_Action) refers to tsl_acq_stm32f0xx.o(i.TSL_acq_BankConfig) for TSL_acq_BankConfig
    tsl_user.o(i.TSL_user_Action) refers to tsl_acq_stm32f0xx.o(i.TSL_acq_BankStartAcq) for TSL_acq_BankStartAcq
    tsl_user.o(i.TSL_user_Action) refers to tsl_acq_stm32f0xx.o(i.TSL_acq_BankWaitEOC) for TSL_acq_BankWaitEOC
    tsl_user.o(i.TSL_user_Action) refers to tsl_acq.o(i.TSL_acq_BankGetResult) for TSL_acq_BankGetResult
    tsl_user.o(i.TSL_user_Action) refers to tsl_object.o(i.TSL_obj_GroupProcess) for TSL_obj_GroupProcess
    tsl_user.o(i.TSL_user_Action) refers to tsl_dxs.o(i.TSL_dxs_FirstObj) for TSL_dxs_FirstObj
    tsl_user.o(i.TSL_user_Action) refers to tsl_time.o(i.TSL_tim_CheckDelay_ms) for TSL_tim_CheckDelay_ms
    tsl_user.o(i.TSL_user_Action) refers to tsl_ecs.o(i.TSL_ecs_Process) for TSL_ecs_Process
    tsl_user.o(i.TSL_user_Action) refers to tsl_user.o(.data) for .data
    tsl_user.o(i.TSL_user_Init) refers to tsl_object.o(i.TSL_obj_GroupInit) for TSL_obj_GroupInit
    tsl_user.o(i.TSL_user_Init) refers to tsl.o(i.TSL_Init) for TSL_Init
    tsl_user.o(i.TSL_user_Init) refers to tsl_user.o(.data) for .data
    tsl_user.o(i.TSL_user_Init) refers to tsl_user.o(.constdata) for .constdata
    tsl_user.o(.constdata) refers to tsl_user.o(.constdata) for MyChannels_Src
    tsl_user.o(.constdata) refers to tsl_user.o(.constdata) for MyChannels_Dest
    tsl_user.o(.constdata) refers to tsl_user.o(.bss) for MyChannels_Data
    tsl_user.o(.constdata) refers to tsl_linrot.o(i.TSL_linrot_CalibrationStateProcess) for TSL_linrot_CalibrationStateProcess
    tsl_user.o(.constdata) refers to tsl_linrot.o(i.TSL_linrot_DebCalibrationStateProcess) for TSL_linrot_DebCalibrationStateProcess
    tsl_user.o(.constdata) refers to tsl_linrot.o(i.TSL_linrot_ReleaseStateProcess) for TSL_linrot_ReleaseStateProcess
    tsl_user.o(.constdata) refers to tsl_linrot.o(i.TSL_linrot_DebReleaseDetectStateProcess) for TSL_linrot_DebReleaseDetectStateProcess
    tsl_user.o(.constdata) refers to tsl_linrot.o(i.TSL_linrot_DebReleaseTouchStateProcess) for TSL_linrot_DebReleaseTouchStateProcess
    tsl_user.o(.constdata) refers to tsl_linrot.o(i.TSL_linrot_DetectStateProcess) for TSL_linrot_DetectStateProcess
    tsl_user.o(.constdata) refers to tsl_linrot.o(i.TSL_linrot_DebDetectStateProcess) for TSL_linrot_DebDetectStateProcess
    tsl_user.o(.constdata) refers to tsl_linrot.o(i.TSL_linrot_TouchStateProcess) for TSL_linrot_TouchStateProcess
    tsl_user.o(.constdata) refers to main.o(i.MyLinRots_ErrorStateProcess) for MyLinRots_ErrorStateProcess
    tsl_user.o(.constdata) refers to tsl_linrot.o(i.TSL_linrot_DebErrorStateProcess) for TSL_linrot_DebErrorStateProcess
    tsl_user.o(.constdata) refers to main.o(i.MyLinRots_OffStateProcess) for MyLinRots_OffStateProcess
    tsl_user.o(.constdata) refers to tsl_linrot.o(i.TSL_linrot_Init) for TSL_linrot_Init
    tsl_user.o(.constdata) refers to tsl_linrot.o(i.TSL_linrot_Process) for TSL_linrot_Process
    tsl_user.o(.constdata) refers to tsl_linrot.o(i.TSL_linrot_CalcPos) for TSL_linrot_CalcPos
    tsl_user.o(.constdata) refers to tsl_user.o(.data) for MyLinRots_Data
    tsl_user.o(.constdata) refers to tsl_user.o(.bss) for MyLinRots_Param
    tsl_user.o(.constdata) refers to tsl_user.o(.bss) for MyChannels_Data
    tsl_user.o(.constdata) refers to tsl_user.o(.constdata) for MyLinRot0_DeltaCoeff
    tsl_user.o(.constdata) refers to tsl_linrot.o(.constdata) for TSL_POSOFF_3CH_LIN_H
    tsl_user.o(.constdata) refers to tsl_user.o(.constdata) for MyLinRots_StateMachine
    tsl_user.o(.constdata) refers to tsl_user.o(.constdata) for MyLinRots_Methods
    tsl_user.o(.constdata) refers to tsl_user.o(.constdata) for MyLinRots
    tsl_user.o(.data) refers to tsl_user.o(.constdata) for MyObjects
    tsl_user.o(.data) refers to tsl_user.o(.constdata) for MyLinRots_StateMachine
    tsl_user.o(.data) refers to tsl_user.o(.constdata) for MyLinRots_Methods
    stm32f0xx_it.o(i.SysTick_Handler) refers to tsl_time.o(i.TSL_tim_ProcessIT) for TSL_tim_ProcessIT
    stm32f0xx_it.o(i.SysTick_Handler) refers to main.o(.data) for Gv_SystickCounter
    stm32f0xx_it.o(i.TS_IRQHandler) refers to tsl_user.o(.data) for Gv_EOA
    entry.o(.ARM.Collect$$$$00000000) refers (Special) to entry10a.o(.ARM.Collect$$$$0000000D) for __rt_final_cpp
    entry.o(.ARM.Collect$$$$00000000) refers (Special) to entry11a.o(.ARM.Collect$$$$0000000F) for __rt_final_exit
    entry.o(.ARM.Collect$$$$00000000) refers (Special) to entry7b.o(.ARM.Collect$$$$00000008) for _main_clock
    entry.o(.ARM.Collect$$$$00000000) refers (Special) to entry8b.o(.ARM.Collect$$$$0000000A) for _main_cpp_init
    entry.o(.ARM.Collect$$$$00000000) refers (Special) to entry9a.o(.ARM.Collect$$$$0000000B) for _main_init
    entry.o(.ARM.Collect$$$$00000000) refers (Special) to entry5.o(.ARM.Collect$$$$00000004) for _main_scatterload
    entry.o(.ARM.Collect$$$$00000000) refers (Special) to entry2.o(.ARM.Collect$$$$00000001) for _main_stk
    entry2.o(.ARM.Collect$$$$00000001) refers to entry2.o(.ARM.Collect$$$$00002712) for __lit__00000000
    entry2.o(.ARM.Collect$$$$00002712) refers to startup_stm32f072.o(STACK) for __initial_sp
    entry2.o(__vectab_stack_and_reset_area) refers to startup_stm32f072.o(STACK) for __initial_sp
    entry2.o(__vectab_stack_and_reset_area) refers to entry.o(.ARM.Collect$$$$00000000) for __main
    entry5.o(.ARM.Collect$$$$00000004) refers to init.o(.text) for __scatterload
    entry9a.o(.ARM.Collect$$$$0000000B) refers to main.o(i.main) for main
    entry9b.o(.ARM.Collect$$$$0000000C) refers to main.o(i.main) for main
    init.o(.text) refers to entry5.o(.ARM.Collect$$$$00000004) for __main_after_scatterload


==============================================================================

Removing Unused input sections from the image.

    Removing startup_stm32f072.o(HEAP), (512 bytes).
    Removing system_stm32f0xx.o(.rev16_text), (4 bytes).
    Removing system_stm32f0xx.o(.revsh_text), (4 bytes).
    Removing system_stm32f0xx.o(i.SystemCoreClockUpdate), (120 bytes).
    Removing stm32f0xx_rcc.o(.rev16_text), (4 bytes).
    Removing stm32f0xx_rcc.o(.revsh_text), (4 bytes).
    Removing stm32f0xx_rcc.o(i.RCC_ADCCLKConfig), (44 bytes).
    Removing stm32f0xx_rcc.o(i.RCC_AHBPeriphClockCmd), (24 bytes).
    Removing stm32f0xx_rcc.o(i.RCC_AHBPeriphResetCmd), (24 bytes).
    Removing stm32f0xx_rcc.o(i.RCC_APB1PeriphClockCmd), (24 bytes).
    Removing stm32f0xx_rcc.o(i.RCC_APB1PeriphResetCmd), (24 bytes).
    Removing stm32f0xx_rcc.o(i.RCC_APB2PeriphClockCmd), (24 bytes).
    Removing stm32f0xx_rcc.o(i.RCC_APB2PeriphResetCmd), (24 bytes).
    Removing stm32f0xx_rcc.o(i.RCC_AdjustHSI14CalibrationValue), (20 bytes).
    Removing stm32f0xx_rcc.o(i.RCC_AdjustHSICalibrationValue), (20 bytes).
    Removing stm32f0xx_rcc.o(i.RCC_BackupResetCmd), (28 bytes).
    Removing stm32f0xx_rcc.o(i.RCC_CECCLKConfig), (24 bytes).
    Removing stm32f0xx_rcc.o(i.RCC_ClearFlag), (20 bytes).
    Removing stm32f0xx_rcc.o(i.RCC_ClearITPendingBit), (12 bytes).
    Removing stm32f0xx_rcc.o(i.RCC_ClockSecuritySystemCmd), (28 bytes).
    Removing stm32f0xx_rcc.o(i.RCC_DeInit), (92 bytes).
    Removing stm32f0xx_rcc.o(i.RCC_GetClocksFreq), (312 bytes).
    Removing stm32f0xx_rcc.o(i.RCC_GetFlagStatus), (52 bytes).
    Removing stm32f0xx_rcc.o(i.RCC_GetITStatus), (20 bytes).
    Removing stm32f0xx_rcc.o(i.RCC_GetSYSCLKSource), (16 bytes).
    Removing stm32f0xx_rcc.o(i.RCC_HCLKConfig), (20 bytes).
    Removing stm32f0xx_rcc.o(i.RCC_HSEConfig), (16 bytes).
    Removing stm32f0xx_rcc.o(i.RCC_HSI14ADCRequestCmd), (24 bytes).
    Removing stm32f0xx_rcc.o(i.RCC_HSI14Cmd), (28 bytes).
    Removing stm32f0xx_rcc.o(i.RCC_HSI48Cmd), (28 bytes).
    Removing stm32f0xx_rcc.o(i.RCC_HSICmd), (28 bytes).
    Removing stm32f0xx_rcc.o(i.RCC_I2CCLKConfig), (24 bytes).
    Removing stm32f0xx_rcc.o(i.RCC_ITConfig), (24 bytes).
    Removing stm32f0xx_rcc.o(i.RCC_LSEConfig), (32 bytes).
    Removing stm32f0xx_rcc.o(i.RCC_LSEDriveConfig), (24 bytes).
    Removing stm32f0xx_rcc.o(i.RCC_LSICmd), (28 bytes).
    Removing stm32f0xx_rcc.o(i.RCC_MCOConfig), (24 bytes).
    Removing stm32f0xx_rcc.o(i.RCC_PCLKConfig), (20 bytes).
    Removing stm32f0xx_rcc.o(i.RCC_PLLCmd), (28 bytes).
    Removing stm32f0xx_rcc.o(i.RCC_PLLConfig), (28 bytes).
    Removing stm32f0xx_rcc.o(i.RCC_PREDIV1Config), (20 bytes).
    Removing stm32f0xx_rcc.o(i.RCC_RTCCLKCmd), (28 bytes).
    Removing stm32f0xx_rcc.o(i.RCC_RTCCLKConfig), (16 bytes).
    Removing stm32f0xx_rcc.o(i.RCC_SYSCLKConfig), (20 bytes).
    Removing stm32f0xx_rcc.o(i.RCC_USARTCLKConfig), (36 bytes).
    Removing stm32f0xx_rcc.o(i.RCC_USBCLKConfig), (24 bytes).
    Removing stm32f0xx_rcc.o(i.RCC_WaitForHSEStartUp), (44 bytes).
    Removing stm32f0xx_rcc.o(.data), (16 bytes).
    Removing stm32f0xx_gpio.o(.rev16_text), (4 bytes).
    Removing stm32f0xx_gpio.o(.revsh_text), (4 bytes).
    Removing stm32f0xx_gpio.o(i.GPIO_DeInit), (112 bytes).
    Removing stm32f0xx_gpio.o(i.GPIO_PinAFConfig), (32 bytes).
    Removing stm32f0xx_gpio.o(i.GPIO_PinLockConfig), (26 bytes).
    Removing stm32f0xx_gpio.o(i.GPIO_ReadInputData), (4 bytes).
    Removing stm32f0xx_gpio.o(i.GPIO_ReadInputDataBit), (14 bytes).
    Removing stm32f0xx_gpio.o(i.GPIO_ReadOutputData), (4 bytes).
    Removing stm32f0xx_gpio.o(i.GPIO_ReadOutputDataBit), (14 bytes).
    Removing stm32f0xx_gpio.o(i.GPIO_ResetBits), (4 bytes).
    Removing stm32f0xx_gpio.o(i.GPIO_SetBits), (4 bytes).
    Removing stm32f0xx_gpio.o(i.GPIO_StructInit), (24 bytes).
    Removing stm32f0xx_gpio.o(i.GPIO_Write), (4 bytes).
    Removing stm32f0xx_gpio.o(i.GPIO_WriteBit), (12 bytes).
    Removing stm32f0xx_spi.o(.rev16_text), (4 bytes).
    Removing stm32f0xx_spi.o(.revsh_text), (4 bytes).
    Removing stm32f0xx_spi.o(i.I2S_Cmd), (28 bytes).
    Removing stm32f0xx_spi.o(i.I2S_Init), (156 bytes).
    Removing stm32f0xx_spi.o(i.I2S_StructInit), (18 bytes).
    Removing stm32f0xx_spi.o(i.SPI_BiDirectionalLineConfig), (28 bytes).
    Removing stm32f0xx_spi.o(i.SPI_CRCLengthConfig), (20 bytes).
    Removing stm32f0xx_spi.o(i.SPI_CalculateCRC), (28 bytes).
    Removing stm32f0xx_spi.o(i.SPI_Cmd), (18 bytes).
    Removing stm32f0xx_spi.o(i.SPI_DataSizeConfig), (16 bytes).
    Removing stm32f0xx_spi.o(i.SPI_GetCRC), (12 bytes).
    Removing stm32f0xx_spi.o(i.SPI_GetCRCPolynomial), (4 bytes).
    Removing stm32f0xx_spi.o(i.SPI_GetReceptionFIFOStatus), (10 bytes).
    Removing stm32f0xx_spi.o(i.SPI_GetTransmissionFIFOStatus), (10 bytes).
    Removing stm32f0xx_spi.o(i.SPI_I2S_ClearFlag), (6 bytes).
    Removing stm32f0xx_spi.o(i.SPI_I2S_DMACmd), (16 bytes).
    Removing stm32f0xx_spi.o(i.SPI_I2S_DeInit), (64 bytes).
    Removing stm32f0xx_spi.o(i.SPI_I2S_GetFlagStatus), (14 bytes).
    Removing stm32f0xx_spi.o(i.SPI_I2S_GetITStatus), (42 bytes).
    Removing stm32f0xx_spi.o(i.SPI_I2S_ITConfig), (24 bytes).
    Removing stm32f0xx_spi.o(i.SPI_I2S_ReceiveData16), (4 bytes).
    Removing stm32f0xx_spi.o(i.SPI_I2S_SendData16), (4 bytes).
    Removing stm32f0xx_spi.o(i.SPI_Init), (84 bytes).
    Removing stm32f0xx_spi.o(i.SPI_LastDMATransferCmd), (20 bytes).
    Removing stm32f0xx_spi.o(i.SPI_NSSInternalSoftwareConfig), (28 bytes).
    Removing stm32f0xx_spi.o(i.SPI_NSSPulseModeCmd), (18 bytes).
    Removing stm32f0xx_spi.o(i.SPI_ReceiveData8), (4 bytes).
    Removing stm32f0xx_spi.o(i.SPI_RxFIFOThresholdConfig), (20 bytes).
    Removing stm32f0xx_spi.o(i.SPI_SSOutputCmd), (18 bytes).
    Removing stm32f0xx_spi.o(i.SPI_SendData8), (4 bytes).
    Removing stm32f0xx_spi.o(i.SPI_StructInit), (28 bytes).
    Removing stm32f0xx_spi.o(i.SPI_TIModeCmd), (18 bytes).
    Removing stm32f0xx_spi.o(i.SPI_TransmitCRC), (12 bytes).
    Removing stm32f0xx_exti.o(.rev16_text), (4 bytes).
    Removing stm32f0xx_exti.o(.revsh_text), (4 bytes).
    Removing stm32f0xx_exti.o(i.EXTI_ClearFlag), (12 bytes).
    Removing stm32f0xx_exti.o(i.EXTI_ClearITPendingBit), (12 bytes).
    Removing stm32f0xx_exti.o(i.EXTI_DeInit), (32 bytes).
    Removing stm32f0xx_exti.o(i.EXTI_GenerateSWInterrupt), (16 bytes).
    Removing stm32f0xx_exti.o(i.EXTI_GetFlagStatus), (20 bytes).
    Removing stm32f0xx_exti.o(i.EXTI_GetITStatus), (20 bytes).
    Removing stm32f0xx_exti.o(i.EXTI_Init), (108 bytes).
    Removing stm32f0xx_exti.o(i.EXTI_StructInit), (14 bytes).
    Removing stm32f0xx_usart.o(.rev16_text), (4 bytes).
    Removing stm32f0xx_usart.o(.revsh_text), (4 bytes).
    Removing stm32f0xx_usart.o(i.USART_AddressDetectionConfig), (16 bytes).
    Removing stm32f0xx_usart.o(i.USART_AutoBaudRateCmd), (20 bytes).
    Removing stm32f0xx_usart.o(i.USART_AutoBaudRateConfig), (18 bytes).
    Removing stm32f0xx_usart.o(i.USART_ClearFlag), (4 bytes).
    Removing stm32f0xx_usart.o(i.USART_ClearITPendingBit), (10 bytes).
    Removing stm32f0xx_usart.o(i.USART_ClockInit), (28 bytes).
    Removing stm32f0xx_usart.o(i.USART_ClockStructInit), (12 bytes).
    Removing stm32f0xx_usart.o(i.USART_Cmd), (20 bytes).
    Removing stm32f0xx_usart.o(i.USART_DECmd), (20 bytes).
    Removing stm32f0xx_usart.o(i.USART_DEPolarityConfig), (18 bytes).
    Removing stm32f0xx_usart.o(i.USART_DMACmd), (16 bytes).
    Removing stm32f0xx_usart.o(i.USART_DMAReceptionErrorConfig), (18 bytes).
    Removing stm32f0xx_usart.o(i.USART_DataInvCmd), (20 bytes).
    Removing stm32f0xx_usart.o(i.USART_DeInit), (96 bytes).
    Removing stm32f0xx_usart.o(i.USART_DirectionModeCmd), (16 bytes).
    Removing stm32f0xx_usart.o(i.USART_GetFlagStatus), (14 bytes).
    Removing stm32f0xx_usart.o(i.USART_GetITStatus), (56 bytes).
    Removing stm32f0xx_usart.o(i.USART_HalfDuplexCmd), (18 bytes).
    Removing stm32f0xx_usart.o(i.USART_ITConfig), (42 bytes).
    Removing stm32f0xx_usart.o(i.USART_Init), (156 bytes).
    Removing stm32f0xx_usart.o(i.USART_InvPinCmd), (16 bytes).
    Removing stm32f0xx_usart.o(i.USART_IrDACmd), (18 bytes).
    Removing stm32f0xx_usart.o(i.USART_IrDAConfig), (16 bytes).
    Removing stm32f0xx_usart.o(i.USART_LINBreakDetectLengthConfig), (16 bytes).
    Removing stm32f0xx_usart.o(i.USART_LINCmd), (20 bytes).
    Removing stm32f0xx_usart.o(i.USART_MSBFirstCmd), (20 bytes).
    Removing stm32f0xx_usart.o(i.USART_MuteModeCmd), (20 bytes).
    Removing stm32f0xx_usart.o(i.USART_MuteModeWakeUpConfig), (18 bytes).
    Removing stm32f0xx_usart.o(i.USART_OneBitMethodCmd), (20 bytes).
    Removing stm32f0xx_usart.o(i.USART_OverSampling8Cmd), (20 bytes).
    Removing stm32f0xx_usart.o(i.USART_OverrunDetectionConfig), (18 bytes).
    Removing stm32f0xx_usart.o(i.USART_ReceiveData), (8 bytes).
    Removing stm32f0xx_usart.o(i.USART_ReceiverTimeOutCmd), (20 bytes).
    Removing stm32f0xx_usart.o(i.USART_RequestCmd), (16 bytes).
    Removing stm32f0xx_usart.o(i.USART_STOPModeCmd), (18 bytes).
    Removing stm32f0xx_usart.o(i.USART_SWAPPinCmd), (20 bytes).
    Removing stm32f0xx_usart.o(i.USART_SendData), (8 bytes).
    Removing stm32f0xx_usart.o(i.USART_SetAddress), (18 bytes).
    Removing stm32f0xx_usart.o(i.USART_SetAutoRetryCount), (20 bytes).
    Removing stm32f0xx_usart.o(i.USART_SetBlockLength), (18 bytes).
    Removing stm32f0xx_usart.o(i.USART_SetDEAssertionTime), (20 bytes).
    Removing stm32f0xx_usart.o(i.USART_SetDEDeassertionTime), (20 bytes).
    Removing stm32f0xx_usart.o(i.USART_SetGuardTime), (16 bytes).
    Removing stm32f0xx_usart.o(i.USART_SetPrescaler), (16 bytes).
    Removing stm32f0xx_usart.o(i.USART_SetReceiverTimeOut), (16 bytes).
    Removing stm32f0xx_usart.o(i.USART_SmartCardCmd), (18 bytes).
    Removing stm32f0xx_usart.o(i.USART_SmartCardNACKCmd), (18 bytes).
    Removing stm32f0xx_usart.o(i.USART_StopModeWakeUpSourceConfig), (18 bytes).
    Removing stm32f0xx_usart.o(i.USART_StructInit), (22 bytes).
    Removing stm32f0xx_misc.o(.rev16_text), (4 bytes).
    Removing stm32f0xx_misc.o(.revsh_text), (4 bytes).
    Removing stm32f0xx_misc.o(i.NVIC_Init), (80 bytes).
    Removing stm32f0xx_misc.o(i.NVIC_SystemLPConfig), (24 bytes).
    Removing stm32f0xx_misc.o(i.SysTick_CLKSourceConfig), (24 bytes).
    Removing stm32f0xx_syscfg.o(.rev16_text), (4 bytes).
    Removing stm32f0xx_syscfg.o(.revsh_text), (4 bytes).
    Removing stm32f0xx_syscfg.o(i.SYSCFG_BreakConfig), (16 bytes).
    Removing stm32f0xx_syscfg.o(i.SYSCFG_ClearFlag), (16 bytes).
    Removing stm32f0xx_syscfg.o(i.SYSCFG_DMAChannelRemapConfig), (24 bytes).
    Removing stm32f0xx_syscfg.o(i.SYSCFG_DeInit), (36 bytes).
    Removing stm32f0xx_syscfg.o(i.SYSCFG_EXTILineConfig), (40 bytes).
    Removing stm32f0xx_syscfg.o(i.SYSCFG_GetFlagStatus), (20 bytes).
    Removing stm32f0xx_syscfg.o(i.SYSCFG_I2CFastModePlusConfig), (24 bytes).
    Removing stm32f0xx_syscfg.o(i.SYSCFG_MemoryRemapConfig), (20 bytes).
    Removing stm32f0xx_i2c.o(.rev16_text), (4 bytes).
    Removing stm32f0xx_i2c.o(.revsh_text), (4 bytes).
    Removing stm32f0xx_i2c.o(i.I2C_10BitAddressHeaderCmd), (20 bytes).
    Removing stm32f0xx_i2c.o(i.I2C_10BitAddressingModeCmd), (20 bytes).
    Removing stm32f0xx_i2c.o(i.I2C_AcknowledgeConfig), (20 bytes).
    Removing stm32f0xx_i2c.o(i.I2C_AutoEndCmd), (20 bytes).
    Removing stm32f0xx_i2c.o(i.I2C_CalculatePEC), (20 bytes).
    Removing stm32f0xx_i2c.o(i.I2C_ClearFlag), (4 bytes).
    Removing stm32f0xx_i2c.o(i.I2C_ClearITPendingBit), (4 bytes).
    Removing stm32f0xx_i2c.o(i.I2C_ClockTimeoutCmd), (20 bytes).
    Removing stm32f0xx_i2c.o(i.I2C_Cmd), (20 bytes).
    Removing stm32f0xx_i2c.o(i.I2C_DMACmd), (16 bytes).
    Removing stm32f0xx_i2c.o(i.I2C_DeInit), (40 bytes).
    Removing stm32f0xx_i2c.o(i.I2C_DualAddressCmd), (20 bytes).
    Removing stm32f0xx_i2c.o(i.I2C_ExtendedClockTimeoutCmd), (22 bytes).
    Removing stm32f0xx_i2c.o(i.I2C_GeneralCallCmd), (20 bytes).
    Removing stm32f0xx_i2c.o(i.I2C_GenerateSTART), (20 bytes).
    Removing stm32f0xx_i2c.o(i.I2C_GenerateSTOP), (20 bytes).
    Removing stm32f0xx_i2c.o(i.I2C_GetAddressMatched), (10 bytes).
    Removing stm32f0xx_i2c.o(i.I2C_GetFlagStatus), (14 bytes).
    Removing stm32f0xx_i2c.o(i.I2C_GetITStatus), (48 bytes).
    Removing stm32f0xx_i2c.o(i.I2C_GetPEC), (6 bytes).
    Removing stm32f0xx_i2c.o(i.I2C_GetTransferDirection), (18 bytes).
    Removing stm32f0xx_i2c.o(i.I2C_ITConfig), (16 bytes).
    Removing stm32f0xx_i2c.o(i.I2C_IdleClockTimeoutCmd), (20 bytes).
    Removing stm32f0xx_i2c.o(i.I2C_Init), (100 bytes).
    Removing stm32f0xx_i2c.o(i.I2C_MasterRequestConfig), (20 bytes).
    Removing stm32f0xx_i2c.o(i.I2C_NumberOfBytesConfig), (16 bytes).
    Removing stm32f0xx_i2c.o(i.I2C_OwnAddress2Config), (28 bytes).
    Removing stm32f0xx_i2c.o(i.I2C_PECRequestCmd), (20 bytes).
    Removing stm32f0xx_i2c.o(i.I2C_ReadRegister), (10 bytes).
    Removing stm32f0xx_i2c.o(i.I2C_ReceiveData), (6 bytes).
    Removing stm32f0xx_i2c.o(i.I2C_ReloadCmd), (20 bytes).
    Removing stm32f0xx_i2c.o(i.I2C_SMBusAlertCmd), (20 bytes).
    Removing stm32f0xx_i2c.o(i.I2C_SendData), (4 bytes).
    Removing stm32f0xx_i2c.o(i.I2C_SlaveAddressConfig), (16 bytes).
    Removing stm32f0xx_i2c.o(i.I2C_SlaveByteControlCmd), (20 bytes).
    Removing stm32f0xx_i2c.o(i.I2C_SoftwareResetCmd), (20 bytes).
    Removing stm32f0xx_i2c.o(i.I2C_StopModeCmd), (20 bytes).
    Removing stm32f0xx_i2c.o(i.I2C_StretchClockCmd), (20 bytes).
    Removing stm32f0xx_i2c.o(i.I2C_StructInit), (22 bytes).
    Removing stm32f0xx_i2c.o(i.I2C_TimeoutAConfig), (16 bytes).
    Removing stm32f0xx_i2c.o(i.I2C_TimeoutBConfig), (20 bytes).
    Removing stm32f0xx_i2c.o(i.I2C_TransferHandling), (32 bytes).
    Removing tsl.o(.rev16_text), (4 bytes).
    Removing tsl.o(.revsh_text), (4 bytes).
    Removing tsl_acq.o(.rev16_text), (4 bytes).
    Removing tsl_acq.o(.revsh_text), (4 bytes).
    Removing tsl_acq.o(i.TSL_acq_BankCalibrate), (268 bytes).
    Removing tsl_acq.o(i.TSL_acq_BankClearData), (56 bytes).
    Removing tsl_acq.o(.data), (6 bytes).
    Removing tsl_acq_stm32f0xx.o(.rev16_text), (4 bytes).
    Removing tsl_acq_stm32f0xx.o(.revsh_text), (4 bytes).
    Removing tsl_dxs.o(.rev16_text), (4 bytes).
    Removing tsl_dxs.o(.revsh_text), (4 bytes).
    Removing tsl_ecs.o(.rev16_text), (4 bytes).
    Removing tsl_ecs.o(.revsh_text), (4 bytes).
    Removing tsl_filter.o(.rev16_text), (4 bytes).
    Removing tsl_filter.o(.revsh_text), (4 bytes).
    Removing tsl_filter.o(i.TSL_filt_DeltaFilter), (2 bytes).
    Removing tsl_filter.o(i.TSL_filt_MeasFilter), (32 bytes).
    Removing tsl_globals.o(.rev16_text), (4 bytes).
    Removing tsl_globals.o(.revsh_text), (4 bytes).
    Removing tsl_linrot.o(.rev16_text), (4 bytes).
    Removing tsl_linrot.o(.revsh_text), (4 bytes).
    Removing tsl_linrot.o(i.TSL_linrot_DTOGetTime), (52 bytes).
    Removing tsl_linrot.o(i.TSL_linrot_GetStateId), (16 bytes).
    Removing tsl_linrot.o(i.TSL_linrot_IsChanged), (20 bytes).
    Removing tsl_linrot.o(i.TSL_linrot_NormDelta), (32 bytes).
    Removing tsl_linrot.o(i.TSL_linrot_ProcessCh_All_AcqStatus), (48 bytes).
    Removing tsl_linrot.o(i.TSL_linrot_ProcessCh_All_DeltaBelowEqu), (44 bytes).
    Removing tsl_linrot.o(i.TSL_linrot_SetStateBurstOnly), (36 bytes).
    Removing tsl_linrot.o(.constdata), (18 bytes).
    Removing tsl_linrot.o(.constdata), (18 bytes).
    Removing tsl_linrot.o(.constdata), (18 bytes).
    Removing tsl_linrot.o(.constdata), (32 bytes).
    Removing tsl_linrot.o(.constdata), (32 bytes).
    Removing tsl_linrot.o(.constdata), (32 bytes).
    Removing tsl_linrot.o(.constdata), (32 bytes).
    Removing tsl_linrot.o(.constdata), (50 bytes).
    Removing tsl_linrot.o(.constdata), (50 bytes).
    Removing tsl_linrot.o(.constdata), (50 bytes).
    Removing tsl_linrot.o(.constdata), (50 bytes).
    Removing tsl_linrot.o(.constdata), (50 bytes).
    Removing tsl_linrot.o(.constdata), (72 bytes).
    Removing tsl_linrot.o(.constdata), (72 bytes).
    Removing tsl_linrot.o(.constdata), (72 bytes).
    Removing tsl_linrot.o(.constdata), (72 bytes).
    Removing tsl_object.o(.rev16_text), (4 bytes).
    Removing tsl_object.o(.revsh_text), (4 bytes).
    Removing tsl_time.o(.rev16_text), (4 bytes).
    Removing tsl_time.o(.revsh_text), (4 bytes).
    Removing tsl_time.o(i.TSL_tim_CheckDelay_sec), (88 bytes).
    Removing tsl_time_stm32f0xx.o(.rev16_text), (4 bytes).
    Removing tsl_time_stm32f0xx.o(.revsh_text), (4 bytes).
    Removing tsl_touchkey.o(.rev16_text), (4 bytes).
    Removing tsl_touchkey.o(.revsh_text), (4 bytes).
    Removing main.o(.rev16_text), (4 bytes).
    Removing main.o(.revsh_text), (4 bytes).
    Removing main.o(i.TSL_CallBack_TimerTick), (2 bytes).
    Removing tsl_user.o(.rev16_text), (4 bytes).
    Removing tsl_user.o(.revsh_text), (4 bytes).
    Removing tsl_user.o(i.TSL_user_SetThresholds), (2 bytes).
    Removing tsl_user.o(.data), (4 bytes).
    Removing stm32f0xx_it.o(.rev16_text), (4 bytes).
    Removing stm32f0xx_it.o(.revsh_text), (4 bytes).
    Removing stm32f0xx_it.o(i.TS_IRQHandler), (36 bytes).

278 unused section(s) (total 7286 bytes) removed from the image.

==============================================================================

Image Symbol Table

    Local Symbols

    Symbol Name                              Value     Ov Type        Size  Object(Section)

    ../clib/microlib/division.c              0x00000000   Number         0  uidiv.o ABSOLUTE
    ../clib/microlib/init/entry.s            0x00000000   Number         0  entry10a.o ABSOLUTE
    ../clib/microlib/init/entry.s            0x00000000   Number         0  entry9b.o ABSOLUTE
    ../clib/microlib/init/entry.s            0x00000000   Number         0  entry9a.o ABSOLUTE
    ../clib/microlib/init/entry.s            0x00000000   Number         0  entry8b.o ABSOLUTE
    ../clib/microlib/init/entry.s            0x00000000   Number         0  entry7b.o ABSOLUTE
    ../clib/microlib/init/entry.s            0x00000000   Number         0  entry7a.o ABSOLUTE
    ../clib/microlib/init/entry.s            0x00000000   Number         0  entry2.o ABSOLUTE
    ../clib/microlib/init/entry.s            0x00000000   Number         0  entry.o ABSOLUTE
    ../clib/microlib/init/entry.s            0x00000000   Number         0  entry8a.o ABSOLUTE
    ../clib/microlib/init/entry.s            0x00000000   Number         0  entry11b.o ABSOLUTE
    ../clib/microlib/init/entry.s            0x00000000   Number         0  entry11a.o ABSOLUTE
    ../clib/microlib/init/entry.s            0x00000000   Number         0  entry5.o ABSOLUTE
    ../clib/microlib/init/entry.s            0x00000000   Number         0  entry10b.o ABSOLUTE
    ..\Drivers\CMSIS\Device\ST\STM32F0xx\Source\Templates\arm\startup_stm32f072.s 0x00000000   Number         0  startup_stm32f072.o ABSOLUTE
    ..\Drivers\STM32F0xx_StdPeriph_Driver\src\stm32f0xx_exti.c 0x00000000   Number         0  stm32f0xx_exti.o ABSOLUTE
    ..\Drivers\STM32F0xx_StdPeriph_Driver\src\stm32f0xx_gpio.c 0x00000000   Number         0  stm32f0xx_gpio.o ABSOLUTE
    ..\Drivers\STM32F0xx_StdPeriph_Driver\src\stm32f0xx_i2c.c 0x00000000   Number         0  stm32f0xx_i2c.o ABSOLUTE
    ..\Drivers\STM32F0xx_StdPeriph_Driver\src\stm32f0xx_misc.c 0x00000000   Number         0  stm32f0xx_misc.o ABSOLUTE
    ..\Drivers\STM32F0xx_StdPeriph_Driver\src\stm32f0xx_rcc.c 0x00000000   Number         0  stm32f0xx_rcc.o ABSOLUTE
    ..\Drivers\STM32F0xx_StdPeriph_Driver\src\stm32f0xx_spi.c 0x00000000   Number         0  stm32f0xx_spi.o ABSOLUTE
    ..\Drivers\STM32F0xx_StdPeriph_Driver\src\stm32f0xx_syscfg.c 0x00000000   Number         0  stm32f0xx_syscfg.o ABSOLUTE
    ..\Drivers\STM32F0xx_StdPeriph_Driver\src\stm32f0xx_usart.c 0x00000000   Number         0  stm32f0xx_usart.o ABSOLUTE
    ..\Drivers\STMTouch_Driver\src\tsl.c     0x00000000   Number         0  tsl.o ABSOLUTE
    ..\Drivers\STMTouch_Driver\src\tsl_acq.c 0x00000000   Number         0  tsl_acq.o ABSOLUTE
    ..\Drivers\STMTouch_Driver\src\tsl_acq_stm32f0xx.c 0x00000000   Number         0  tsl_acq_stm32f0xx.o ABSOLUTE
    ..\Drivers\STMTouch_Driver\src\tsl_dxs.c 0x00000000   Number         0  tsl_dxs.o ABSOLUTE
    ..\Drivers\STMTouch_Driver\src\tsl_ecs.c 0x00000000   Number         0  tsl_ecs.o ABSOLUTE
    ..\Drivers\STMTouch_Driver\src\tsl_filter.c 0x00000000   Number         0  tsl_filter.o ABSOLUTE
    ..\Drivers\STMTouch_Driver\src\tsl_globals.c 0x00000000   Number         0  tsl_globals.o ABSOLUTE
    ..\Drivers\STMTouch_Driver\src\tsl_linrot.c 0x00000000   Number         0  tsl_linrot.o ABSOLUTE
    ..\Drivers\STMTouch_Driver\src\tsl_object.c 0x00000000   Number         0  tsl_object.o ABSOLUTE
    ..\Drivers\STMTouch_Driver\src\tsl_time.c 0x00000000   Number         0  tsl_time.o ABSOLUTE
    ..\Drivers\STMTouch_Driver\src\tsl_time_stm32f0xx.c 0x00000000   Number         0  tsl_time_stm32f0xx.o ABSOLUTE
    ..\Drivers\STMTouch_Driver\src\tsl_touchkey.c 0x00000000   Number         0  tsl_touchkey.o ABSOLUTE
    ..\\Drivers\\STM32F0xx_StdPeriph_Driver\\src\\stm32f0xx_exti.c 0x00000000   Number         0  stm32f0xx_exti.o ABSOLUTE
    ..\\Drivers\\STM32F0xx_StdPeriph_Driver\\src\\stm32f0xx_gpio.c 0x00000000   Number         0  stm32f0xx_gpio.o ABSOLUTE
    ..\\Drivers\\STM32F0xx_StdPeriph_Driver\\src\\stm32f0xx_i2c.c 0x00000000   Number         0  stm32f0xx_i2c.o ABSOLUTE
    ..\\Drivers\\STM32F0xx_StdPeriph_Driver\\src\\stm32f0xx_misc.c 0x00000000   Number         0  stm32f0xx_misc.o ABSOLUTE
    ..\\Drivers\\STM32F0xx_StdPeriph_Driver\\src\\stm32f0xx_rcc.c 0x00000000   Number         0  stm32f0xx_rcc.o ABSOLUTE
    ..\\Drivers\\STM32F0xx_StdPeriph_Driver\\src\\stm32f0xx_spi.c 0x00000000   Number         0  stm32f0xx_spi.o ABSOLUTE
    ..\\Drivers\\STM32F0xx_StdPeriph_Driver\\src\\stm32f0xx_syscfg.c 0x00000000   Number         0  stm32f0xx_syscfg.o ABSOLUTE
    ..\\Drivers\\STM32F0xx_StdPeriph_Driver\\src\\stm32f0xx_usart.c 0x00000000   Number         0  stm32f0xx_usart.o ABSOLUTE
    ..\\Drivers\\STMTouch_Driver\\src\\tsl.c 0x00000000   Number         0  tsl.o ABSOLUTE
    ..\\Drivers\\STMTouch_Driver\\src\\tsl_acq.c 0x00000000   Number         0  tsl_acq.o ABSOLUTE
    ..\\Drivers\\STMTouch_Driver\\src\\tsl_acq_stm32f0xx.c 0x00000000   Number         0  tsl_acq_stm32f0xx.o ABSOLUTE
    ..\\Drivers\\STMTouch_Driver\\src\\tsl_dxs.c 0x00000000   Number         0  tsl_dxs.o ABSOLUTE
    ..\\Drivers\\STMTouch_Driver\\src\\tsl_ecs.c 0x00000000   Number         0  tsl_ecs.o ABSOLUTE
    ..\\Drivers\\STMTouch_Driver\\src\\tsl_filter.c 0x00000000   Number         0  tsl_filter.o ABSOLUTE
    ..\\Drivers\\STMTouch_Driver\\src\\tsl_globals.c 0x00000000   Number         0  tsl_globals.o ABSOLUTE
    ..\\Drivers\\STMTouch_Driver\\src\\tsl_linrot.c 0x00000000   Number         0  tsl_linrot.o ABSOLUTE
    ..\\Drivers\\STMTouch_Driver\\src\\tsl_object.c 0x00000000   Number         0  tsl_object.o ABSOLUTE
    ..\\Drivers\\STMTouch_Driver\\src\\tsl_time.c 0x00000000   Number         0  tsl_time.o ABSOLUTE
    ..\\Drivers\\STMTouch_Driver\\src\\tsl_time_stm32f0xx.c 0x00000000   Number         0  tsl_time_stm32f0xx.o ABSOLUTE
    ..\\Drivers\\STMTouch_Driver\\src\\tsl_touchkey.c 0x00000000   Number         0  tsl_touchkey.o ABSOLUTE
    ..\\src\\main.c                          0x00000000   Number         0  main.o ABSOLUTE
    ..\\src\\stm32f0xx_it.c                  0x00000000   Number         0  stm32f0xx_it.o ABSOLUTE
    ..\\src\\system_stm32f0xx.c              0x00000000   Number         0  system_stm32f0xx.o ABSOLUTE
    ..\\src\\tsl_user.c                      0x00000000   Number         0  tsl_user.o ABSOLUTE
    ..\src\main.c                            0x00000000   Number         0  main.o ABSOLUTE
    ..\src\stm32f0xx_it.c                    0x00000000   Number         0  stm32f0xx_it.o ABSOLUTE
    ..\src\system_stm32f0xx.c                0x00000000   Number         0  system_stm32f0xx.o ABSOLUTE
    ..\src\tsl_user.c                        0x00000000   Number         0  tsl_user.o ABSOLUTE
    dc.s                                     0x00000000   Number         0  dc.o ABSOLUTE
    handlers.s                               0x00000000   Number         0  handlers.o ABSOLUTE
    init.s                                   0x00000000   Number         0  init.o ABSOLUTE
    RESET                                    0x08000000   Section      192  startup_stm32f072.o(RESET)
    .ARM.Collect$$$$00000000                 0x080000c0   Section        0  entry.o(.ARM.Collect$$$$00000000)
    .ARM.Collect$$$$00000001                 0x080000c0   Section        4  entry2.o(.ARM.Collect$$$$00000001)
    .ARM.Collect$$$$00000004                 0x080000c4   Section        4  entry5.o(.ARM.Collect$$$$00000004)
    .ARM.Collect$$$$00000008                 0x080000c8   Section        0  entry7b.o(.ARM.Collect$$$$00000008)
    .ARM.Collect$$$$0000000A                 0x080000c8   Section        0  entry8b.o(.ARM.Collect$$$$0000000A)
    .ARM.Collect$$$$0000000B                 0x080000c8   Section        8  entry9a.o(.ARM.Collect$$$$0000000B)
    .ARM.Collect$$$$0000000D                 0x080000d0   Section        0  entry10a.o(.ARM.Collect$$$$0000000D)
    .ARM.Collect$$$$0000000F                 0x080000d0   Section        0  entry11a.o(.ARM.Collect$$$$0000000F)
    .ARM.Collect$$$$00002712                 0x080000d0   Section        4  entry2.o(.ARM.Collect$$$$00002712)
    __lit__00000000                          0x080000d0   Data           4  entry2.o(.ARM.Collect$$$$00002712)
    .text                                    0x080000d4   Section       28  startup_stm32f072.o(.text)
    .text                                    0x080000f0   Section        0  uidiv.o(.text)
    .text                                    0x0800011c   Section       36  init.o(.text)
    i.EXTI0_1_IRQHandler                     0x08000140   Section        0  stm32f0xx_it.o(i.EXTI0_1_IRQHandler)
    i.GPIO_Init                              0x08000160   Section        0  stm32f0xx_gpio.o(i.GPIO_Init)
    i.HardFault_Handler                      0x080001d0   Section        0  stm32f0xx_it.o(i.HardFault_Handler)
    i.Init_Std_GPIOs                         0x080001d4   Section        0  main.o(i.Init_Std_GPIOs)
    i.MyLinRots_ErrorStateProcess            0x08000250   Section        0  main.o(i.MyLinRots_ErrorStateProcess)
    i.MyLinRots_OffStateProcess              0x08000278   Section        0  main.o(i.MyLinRots_OffStateProcess)
    i.NMI_Handler                            0x0800027a   Section        0  stm32f0xx_it.o(i.NMI_Handler)
    i.PendSV_Handler                         0x0800027c   Section        0  stm32f0xx_it.o(i.PendSV_Handler)
    i.ProcessSensors                         0x08000280   Section        0  main.o(i.ProcessSensors)
    i.SVC_Handler                            0x080002e8   Section        0  stm32f0xx_it.o(i.SVC_Handler)
    i.SetSysClock                            0x080002ec   Section        0  system_stm32f0xx.o(i.SetSysClock)
    SetSysClock                              0x080002ed   Thumb Code    96  system_stm32f0xx.o(i.SetSysClock)
    i.SoftDelay                              0x08000354   Section        0  tsl_acq_stm32f0xx.o(i.SoftDelay)
    i.SysTick_Handler                        0x08000360   Section        0  stm32f0xx_it.o(i.SysTick_Handler)
    i.SystemInit                             0x0800037c   Section        0  system_stm32f0xx.o(i.SystemInit)
    i.SystickDelay                           0x080003e0   Section        0  main.o(i.SystickDelay)
    i.TSL_Init                               0x080003f4   Section        0  tsl.o(i.TSL_Init)
    i.TSL_acq_BankConfig                     0x0800040c   Section        0  tsl_acq_stm32f0xx.o(i.TSL_acq_BankConfig)
    i.TSL_acq_BankGetResult                  0x0800046c   Section        0  tsl_acq.o(i.TSL_acq_BankGetResult)
    i.TSL_acq_BankStartAcq                   0x08000590   Section        0  tsl_acq_stm32f0xx.o(i.TSL_acq_BankStartAcq)
    i.TSL_acq_BankWaitEOC                    0x080005c0   Section        0  tsl_acq_stm32f0xx.o(i.TSL_acq_BankWaitEOC)
    i.TSL_acq_CheckNoise                     0x080005e4   Section        0  tsl_acq_stm32f0xx.o(i.TSL_acq_CheckNoise)
    i.TSL_acq_ComputeDelta                   0x080005e8   Section        0  tsl_acq_stm32f0xx.o(i.TSL_acq_ComputeDelta)
    i.TSL_acq_ComputeMeas                    0x080005ee   Section        0  tsl_acq_stm32f0xx.o(i.TSL_acq_ComputeMeas)
    i.TSL_acq_GetMeas                        0x080005f4   Section        0  tsl_acq_stm32f0xx.o(i.TSL_acq_GetMeas)
    i.TSL_acq_Init                           0x08000604   Section        0  tsl_acq_stm32f0xx.o(i.TSL_acq_Init)
    i.TSL_acq_InitGPIOs                      0x08000678   Section        0  tsl_acq_stm32f0xx.o(i.TSL_acq_InitGPIOs)
    i.TSL_acq_TestFirstReferenceIsValid      0x08000720   Section        0  tsl_acq_stm32f0xx.o(i.TSL_acq_TestFirstReferenceIsValid)
    i.TSL_acq_TestReferenceOutOfRange        0x08000724   Section        0  tsl_acq_stm32f0xx.o(i.TSL_acq_TestReferenceOutOfRange)
    i.TSL_acq_UseFilter                      0x08000728   Section        0  tsl_acq_stm32f0xx.o(i.TSL_acq_UseFilter)
    i.TSL_dxs_FirstObj                       0x0800072c   Section        0  tsl_dxs.o(i.TSL_dxs_FirstObj)
    i.TSL_ecs_CalcK                          0x08000730   Section        0  tsl_ecs.o(i.TSL_ecs_CalcK)
    i.TSL_ecs_Process                        0x080007cc   Section        0  tsl_ecs.o(i.TSL_ecs_Process)
    i.TSL_ecs_ProcessK                       0x0800084c   Section        0  tsl_ecs.o(i.TSL_ecs_ProcessK)
    i.TSL_linrot_CalcPos                     0x080008fc   Section        0  tsl_linrot.o(i.TSL_linrot_CalcPos)
    i.TSL_linrot_CalibrationStateProcess     0x08000b90   Section        0  tsl_linrot.o(i.TSL_linrot_CalibrationStateProcess)
    i.TSL_linrot_DebCalibrationStateProcess  0x08000c58   Section        0  tsl_linrot.o(i.TSL_linrot_DebCalibrationStateProcess)
    i.TSL_linrot_DebDetectStateProcess       0x08000ca0   Section        0  tsl_linrot.o(i.TSL_linrot_DebDetectStateProcess)
    i.TSL_linrot_DebErrorStateProcess        0x08000ce8   Section        0  tsl_linrot.o(i.TSL_linrot_DebErrorStateProcess)
    i.TSL_linrot_DebReleaseDetectStateProcess 0x08000d54   Section        0  tsl_linrot.o(i.TSL_linrot_DebReleaseDetectStateProcess)
    i.TSL_linrot_DebReleaseTouchStateProcess 0x08000d9c   Section        0  tsl_linrot.o(i.TSL_linrot_DebReleaseTouchStateProcess)
    i.TSL_linrot_DetectStateProcess          0x08000de4   Section        0  tsl_linrot.o(i.TSL_linrot_DetectStateProcess)
    i.TSL_linrot_GetStateMask                0x08000e58   Section        0  tsl_linrot.o(i.TSL_linrot_GetStateMask)
    i.TSL_linrot_Init                        0x08000e7c   Section        0  tsl_linrot.o(i.TSL_linrot_Init)
    i.TSL_linrot_Process                     0x08000ed4   Section        0  tsl_linrot.o(i.TSL_linrot_Process)
    i.TSL_linrot_ProcessCh_All_ClearRef      0x08000f24   Section        0  tsl_linrot.o(i.TSL_linrot_ProcessCh_All_ClearRef)
    i.TSL_linrot_ProcessCh_All_SetStatus     0x08000f4c   Section        0  tsl_linrot.o(i.TSL_linrot_ProcessCh_All_SetStatus)
    i.TSL_linrot_ProcessCh_One_AcqStatusError 0x08000f7c   Section        0  tsl_linrot.o(i.TSL_linrot_ProcessCh_One_AcqStatusError)
    i.TSL_linrot_ProcessCh_One_DataReady     0x08000fa8   Section        0  tsl_linrot.o(i.TSL_linrot_ProcessCh_One_DataReady)
    i.TSL_linrot_ProcessCh_One_DeltaAbove    0x08000fd8   Section        0  tsl_linrot.o(i.TSL_linrot_ProcessCh_One_DeltaAbove)
    i.TSL_linrot_ProcessCh_One_DeltaAboveEqu 0x08001004   Section        0  tsl_linrot.o(i.TSL_linrot_ProcessCh_One_DeltaAboveEqu)
    i.TSL_linrot_ProcessCh_One_DeltaBelowEquMinus 0x08001030   Section        0  tsl_linrot.o(i.TSL_linrot_ProcessCh_One_DeltaBelowEquMinus)
    i.TSL_linrot_ReleaseStateProcess         0x08001060   Section        0  tsl_linrot.o(i.TSL_linrot_ReleaseStateProcess)
    i.TSL_linrot_SetStateCalibration         0x080010e4   Section        0  tsl_linrot.o(i.TSL_linrot_SetStateCalibration)
    i.TSL_linrot_SetStateOff                 0x08001140   Section        0  tsl_linrot.o(i.TSL_linrot_SetStateOff)
    i.TSL_linrot_TouchStateProcess           0x08001164   Section        0  tsl_linrot.o(i.TSL_linrot_TouchStateProcess)
    i.TSL_obj_GroupInit                      0x080011d8   Section        0  tsl_object.o(i.TSL_obj_GroupInit)
    i.TSL_obj_GroupProcess                   0x08001234   Section        0  tsl_object.o(i.TSL_obj_GroupProcess)
    i.TSL_obj_SetGlobalObj                   0x08001290   Section        0  tsl_object.o(i.TSL_obj_SetGlobalObj)
    i.TSL_tim_CheckDelay_ms                  0x080012b0   Section        0  tsl_time.o(i.TSL_tim_CheckDelay_ms)
    i.TSL_tim_Init                           0x08001308   Section        0  tsl_time_stm32f0xx.o(i.TSL_tim_Init)
    i.TSL_tim_ProcessIT                      0x08001350   Section        0  tsl_time.o(i.TSL_tim_ProcessIT)
    i.TSL_user_Action                        0x08001388   Section        0  tsl_user.o(i.TSL_user_Action)
    i.TSL_user_Init                          0x08001414   Section        0  tsl_user.o(i.TSL_user_Init)
    i.__scatterload_copy                     0x0800142c   Section       14  handlers.o(i.__scatterload_copy)
    i.__scatterload_null                     0x0800143a   Section        2  handlers.o(i.__scatterload_null)
    i.__scatterload_zeroinit                 0x0800143c   Section       14  handlers.o(i.__scatterload_zeroinit)
    i.main                                   0x0800144c   Section        0  main.o(i.main)
    .constdata                               0x080014b8   Section       18  tsl_linrot.o(.constdata)
    .constdata                               0x080014cc   Section       36  tsl_user.o(.constdata)
    .constdata                               0x080014f0   Section        6  tsl_user.o(.constdata)
    .constdata                               0x080014f8   Section       24  tsl_user.o(.constdata)
    .constdata                               0x08001510   Section      160  tsl_user.o(.constdata)
    .constdata                               0x080015b0   Section       12  tsl_user.o(.constdata)
    .constdata                               0x080015bc   Section        6  tsl_user.o(.constdata)
    .constdata                               0x080015c4   Section       36  tsl_user.o(.constdata)
    .constdata                               0x080015e8   Section        8  tsl_user.o(.constdata)
    .data                                    0x20000000   Section       20  system_stm32f0xx.o(.data)
    .data                                    0x20000014   Section        4  tsl_acq_stm32f0xx.o(.data)
    .data                                    0x20000018   Section       10  tsl_linrot.o(.data)
    index1                                   0x20000018   Data           1  tsl_linrot.o(.data)
    index2                                   0x20000019   Data           1  tsl_linrot.o(.data)
    delta1                                   0x2000001a   Data           2  tsl_linrot.o(.data)
    delta2                                   0x2000001c   Data           2  tsl_linrot.o(.data)
    delta3                                   0x2000001e   Data           2  tsl_linrot.o(.data)
    CalibDiv                                 0x20000020   Data           2  tsl_linrot.o(.data)
    .data                                    0x20000022   Section        2  tsl_time.o(.data)
    count_1s                                 0x20000022   Data           2  tsl_time.o(.data)
    .data                                    0x20000024   Section        4  main.o(.data)
    .data                                    0x20000028   Section       32  tsl_user.o(.data)
    idx_bank                                 0x2000002c   Data           4  tsl_user.o(.data)
    config_done                              0x20000030   Data           4  tsl_user.o(.data)
    .data                                    0x20000048   Section       16  tsl_user.o(.data)
    .data                                    0x20000058   Section        8  tsl_user.o(.data)
    .bss                                     0x20000060   Section       20  tsl_globals.o(.bss)
    .bss                                     0x20000074   Section       36  tsl_user.o(.bss)
    .bss                                     0x20000098   Section       10  tsl_user.o(.bss)
    STACK                                    0x200000a8   Section     1024  startup_stm32f072.o(STACK)

    Global Symbols

    Symbol Name                              Value     Ov Type        Size  Object(Section)

    BuildAttributes$$THM_ISAv3M$S$PE$A:L22$X:L11$S22$IEEE1$IW$USESV6$~STKCKD$USESV7$~SHL$OSPACE$EBA8$MICROLIB$REQ8$PRES8$EABIv2 0x00000000   Number         0  anon$$obj.o ABSOLUTE
    __ARM_use_no_argv                        0x00000000   Number         0  main.o ABSOLUTE
    __cpp_initialize__aeabi_                  - Undefined Weak Reference
    __cxa_finalize                            - Undefined Weak Reference
    __decompress                              - Undefined Weak Reference
    _clock_init                               - Undefined Weak Reference
    _microlib_exit                            - Undefined Weak Reference
    __Vectors_Size                           0x000000c0   Number         0  startup_stm32f072.o ABSOLUTE
    __Vectors                                0x08000000   Data           4  startup_stm32f072.o(RESET)
    __Vectors_End                            0x080000c0   Data           0  startup_stm32f072.o(RESET)
    __main                                   0x080000c1   Thumb Code     0  entry.o(.ARM.Collect$$$$00000000)
    _main_stk                                0x080000c1   Thumb Code     0  entry2.o(.ARM.Collect$$$$00000001)
    _main_scatterload                        0x080000c5   Thumb Code     0  entry5.o(.ARM.Collect$$$$00000004)
    __main_after_scatterload                 0x080000c9   Thumb Code     0  entry5.o(.ARM.Collect$$$$00000004)
    _main_clock                              0x080000c9   Thumb Code     0  entry7b.o(.ARM.Collect$$$$00000008)
    _main_cpp_init                           0x080000c9   Thumb Code     0  entry8b.o(.ARM.Collect$$$$0000000A)
    _main_init                               0x080000c9   Thumb Code     0  entry9a.o(.ARM.Collect$$$$0000000B)
    __rt_final_cpp                           0x080000d1   Thumb Code     0  entry10a.o(.ARM.Collect$$$$0000000D)
    __rt_final_exit                          0x080000d1   Thumb Code     0  entry11a.o(.ARM.Collect$$$$0000000F)
    Reset_Handler                            0x080000d5   Thumb Code     8  startup_stm32f072.o(.text)
    ADC1_COMP_IRQHandler                     0x080000e7   Thumb Code     0  startup_stm32f072.o(.text)
    CEC_CAN_IRQHandler                       0x080000e7   Thumb Code     0  startup_stm32f072.o(.text)
    DMA1_Channel1_IRQHandler                 0x080000e7   Thumb Code     0  startup_stm32f072.o(.text)
    DMA1_Channel2_3_IRQHandler               0x080000e7   Thumb Code     0  startup_stm32f072.o(.text)
    DMA1_Channel4_5_6_7_IRQHandler           0x080000e7   Thumb Code     0  startup_stm32f072.o(.text)
    EXTI2_3_IRQHandler                       0x080000e7   Thumb Code     0  startup_stm32f072.o(.text)
    EXTI4_15_IRQHandler                      0x080000e7   Thumb Code     0  startup_stm32f072.o(.text)
    FLASH_IRQHandler                         0x080000e7   Thumb Code     0  startup_stm32f072.o(.text)
    I2C1_IRQHandler                          0x080000e7   Thumb Code     0  startup_stm32f072.o(.text)
    I2C2_IRQHandler                          0x080000e7   Thumb Code     0  startup_stm32f072.o(.text)
    PVD_VDDIO2_IRQHandler                    0x080000e7   Thumb Code     0  startup_stm32f072.o(.text)
    RCC_CRS_IRQHandler                       0x080000e7   Thumb Code     0  startup_stm32f072.o(.text)
    RTC_IRQHandler                           0x080000e7   Thumb Code     0  startup_stm32f072.o(.text)
    SPI1_IRQHandler                          0x080000e7   Thumb Code     0  startup_stm32f072.o(.text)
    SPI2_IRQHandler                          0x080000e7   Thumb Code     0  startup_stm32f072.o(.text)
    TIM14_IRQHandler                         0x080000e7   Thumb Code     0  startup_stm32f072.o(.text)
    TIM15_IRQHandler                         0x080000e7   Thumb Code     0  startup_stm32f072.o(.text)
    TIM16_IRQHandler                         0x080000e7   Thumb Code     0  startup_stm32f072.o(.text)
    TIM17_IRQHandler                         0x080000e7   Thumb Code     0  startup_stm32f072.o(.text)
    TIM1_BRK_UP_TRG_COM_IRQHandler           0x080000e7   Thumb Code     0  startup_stm32f072.o(.text)
    TIM1_CC_IRQHandler                       0x080000e7   Thumb Code     0  startup_stm32f072.o(.text)
    TIM2_IRQHandler                          0x080000e7   Thumb Code     0  startup_stm32f072.o(.text)
    TIM3_IRQHandler                          0x080000e7   Thumb Code     0  startup_stm32f072.o(.text)
    TIM6_DAC_IRQHandler                      0x080000e7   Thumb Code     0  startup_stm32f072.o(.text)
    TIM7_IRQHandler                          0x080000e7   Thumb Code     0  startup_stm32f072.o(.text)
    TSC_IRQHandler                           0x080000e7   Thumb Code     0  startup_stm32f072.o(.text)
    USART1_IRQHandler                        0x080000e7   Thumb Code     0  startup_stm32f072.o(.text)
    USART2_IRQHandler                        0x080000e7   Thumb Code     0  startup_stm32f072.o(.text)
    USART3_4_IRQHandler                      0x080000e7   Thumb Code     0  startup_stm32f072.o(.text)
    USB_IRQHandler                           0x080000e7   Thumb Code     0  startup_stm32f072.o(.text)
    WWDG_IRQHandler                          0x080000e7   Thumb Code     0  startup_stm32f072.o(.text)
    __aeabi_uidiv                            0x080000f1   Thumb Code     0  uidiv.o(.text)
    __aeabi_uidivmod                         0x080000f1   Thumb Code    44  uidiv.o(.text)
    __scatterload                            0x0800011d   Thumb Code    28  init.o(.text)
    __scatterload_rt2                        0x0800011d   Thumb Code     0  init.o(.text)
    EXTI0_1_IRQHandler                       0x08000141   Thumb Code    22  stm32f0xx_it.o(i.EXTI0_1_IRQHandler)
    GPIO_Init                                0x08000161   Thumb Code   112  stm32f0xx_gpio.o(i.GPIO_Init)
    HardFault_Handler                        0x080001d1   Thumb Code     2  stm32f0xx_it.o(i.HardFault_Handler)
    Init_Std_GPIOs                           0x080001d5   Thumb Code   100  main.o(i.Init_Std_GPIOs)
    MyLinRots_ErrorStateProcess              0x08000251   Thumb Code    36  main.o(i.MyLinRots_ErrorStateProcess)
    MyLinRots_OffStateProcess                0x08000279   Thumb Code     2  main.o(i.MyLinRots_OffStateProcess)
    NMI_Handler                              0x0800027b   Thumb Code     2  stm32f0xx_it.o(i.NMI_Handler)
    PendSV_Handler                           0x0800027d   Thumb Code     2  stm32f0xx_it.o(i.PendSV_Handler)
    ProcessSensors                           0x08000281   Thumb Code    92  main.o(i.ProcessSensors)
    SVC_Handler                              0x080002e9   Thumb Code     2  stm32f0xx_it.o(i.SVC_Handler)
    SoftDelay                                0x08000355   Thumb Code    10  tsl_acq_stm32f0xx.o(i.SoftDelay)
    SysTick_Handler                          0x08000361   Thumb Code    22  stm32f0xx_it.o(i.SysTick_Handler)
    SystemInit                               0x0800037d   Thumb Code    84  system_stm32f0xx.o(i.SystemInit)
    SystickDelay                             0x080003e1   Thumb Code    16  main.o(i.SystickDelay)
    TSL_Init                                 0x080003f5   Thumb Code    20  tsl.o(i.TSL_Init)
    TSL_acq_BankConfig                       0x0800040d   Thumb Code    86  tsl_acq_stm32f0xx.o(i.TSL_acq_BankConfig)
    TSL_acq_BankGetResult                    0x0800046d   Thumb Code   284  tsl_acq.o(i.TSL_acq_BankGetResult)
    TSL_acq_BankStartAcq                     0x08000591   Thumb Code    38  tsl_acq_stm32f0xx.o(i.TSL_acq_BankStartAcq)
    TSL_acq_BankWaitEOC                      0x080005c1   Thumb Code    32  tsl_acq_stm32f0xx.o(i.TSL_acq_BankWaitEOC)
    TSL_acq_CheckNoise                       0x080005e5   Thumb Code     4  tsl_acq_stm32f0xx.o(i.TSL_acq_CheckNoise)
    TSL_acq_ComputeDelta                     0x080005e9   Thumb Code     6  tsl_acq_stm32f0xx.o(i.TSL_acq_ComputeDelta)
    TSL_acq_ComputeMeas                      0x080005ef   Thumb Code     6  tsl_acq_stm32f0xx.o(i.TSL_acq_ComputeMeas)
    TSL_acq_GetMeas                          0x080005f5   Thumb Code    12  tsl_acq_stm32f0xx.o(i.TSL_acq_GetMeas)
    TSL_acq_Init                             0x08000605   Thumb Code    94  tsl_acq_stm32f0xx.o(i.TSL_acq_Init)
    TSL_acq_InitGPIOs                        0x08000679   Thumb Code   146  tsl_acq_stm32f0xx.o(i.TSL_acq_InitGPIOs)
    TSL_acq_TestFirstReferenceIsValid        0x08000721   Thumb Code     4  tsl_acq_stm32f0xx.o(i.TSL_acq_TestFirstReferenceIsValid)
    TSL_acq_TestReferenceOutOfRange          0x08000725   Thumb Code     4  tsl_acq_stm32f0xx.o(i.TSL_acq_TestReferenceOutOfRange)
    TSL_acq_UseFilter                        0x08000729   Thumb Code     4  tsl_acq_stm32f0xx.o(i.TSL_acq_UseFilter)
    TSL_dxs_FirstObj                         0x0800072d   Thumb Code     2  tsl_dxs.o(i.TSL_dxs_FirstObj)
    TSL_ecs_CalcK                            0x08000731   Thumb Code   150  tsl_ecs.o(i.TSL_ecs_CalcK)
    TSL_ecs_Process                          0x080007cd   Thumb Code   120  tsl_ecs.o(i.TSL_ecs_Process)
    TSL_ecs_ProcessK                         0x0800084d   Thumb Code   168  tsl_ecs.o(i.TSL_ecs_ProcessK)
    TSL_linrot_CalcPos                       0x080008fd   Thumb Code   644  tsl_linrot.o(i.TSL_linrot_CalcPos)
    TSL_linrot_CalibrationStateProcess       0x08000b91   Thumb Code   186  tsl_linrot.o(i.TSL_linrot_CalibrationStateProcess)
    TSL_linrot_DebCalibrationStateProcess    0x08000c59   Thumb Code    66  tsl_linrot.o(i.TSL_linrot_DebCalibrationStateProcess)
    TSL_linrot_DebDetectStateProcess         0x08000ca1   Thumb Code    68  tsl_linrot.o(i.TSL_linrot_DebDetectStateProcess)
    TSL_linrot_DebErrorStateProcess          0x08000ce9   Thumb Code   102  tsl_linrot.o(i.TSL_linrot_DebErrorStateProcess)
    TSL_linrot_DebReleaseDetectStateProcess  0x08000d55   Thumb Code    68  tsl_linrot.o(i.TSL_linrot_DebReleaseDetectStateProcess)
    TSL_linrot_DebReleaseTouchStateProcess   0x08000d9d   Thumb Code    68  tsl_linrot.o(i.TSL_linrot_DebReleaseTouchStateProcess)
    TSL_linrot_DetectStateProcess            0x08000de5   Thumb Code   108  tsl_linrot.o(i.TSL_linrot_DetectStateProcess)
    TSL_linrot_GetStateMask                  0x08000e59   Thumb Code    30  tsl_linrot.o(i.TSL_linrot_GetStateMask)
    TSL_linrot_Init                          0x08000e7d   Thumb Code    84  tsl_linrot.o(i.TSL_linrot_Init)
    TSL_linrot_Process                       0x08000ed5   Thumb Code    74  tsl_linrot.o(i.TSL_linrot_Process)
    TSL_linrot_ProcessCh_All_ClearRef        0x08000f25   Thumb Code    34  tsl_linrot.o(i.TSL_linrot_ProcessCh_All_ClearRef)
    TSL_linrot_ProcessCh_All_SetStatus       0x08000f4d   Thumb Code    42  tsl_linrot.o(i.TSL_linrot_ProcessCh_All_SetStatus)
    TSL_linrot_ProcessCh_One_AcqStatusError  0x08000f7d   Thumb Code    40  tsl_linrot.o(i.TSL_linrot_ProcessCh_One_AcqStatusError)
    TSL_linrot_ProcessCh_One_DataReady       0x08000fa9   Thumb Code    44  tsl_linrot.o(i.TSL_linrot_ProcessCh_One_DataReady)
    TSL_linrot_ProcessCh_One_DeltaAbove      0x08000fd9   Thumb Code    40  tsl_linrot.o(i.TSL_linrot_ProcessCh_One_DeltaAbove)
    TSL_linrot_ProcessCh_One_DeltaAboveEqu   0x08001005   Thumb Code    40  tsl_linrot.o(i.TSL_linrot_ProcessCh_One_DeltaAboveEqu)
    TSL_linrot_ProcessCh_One_DeltaBelowEquMinus 0x08001031   Thumb Code    42  tsl_linrot.o(i.TSL_linrot_ProcessCh_One_DeltaBelowEquMinus)
    TSL_linrot_ReleaseStateProcess           0x08001061   Thumb Code   126  tsl_linrot.o(i.TSL_linrot_ReleaseStateProcess)
    TSL_linrot_SetStateCalibration           0x080010e5   Thumb Code    78  tsl_linrot.o(i.TSL_linrot_SetStateCalibration)
    TSL_linrot_SetStateOff                   0x08001141   Thumb Code    32  tsl_linrot.o(i.TSL_linrot_SetStateOff)
    TSL_linrot_TouchStateProcess             0x08001165   Thumb Code   108  tsl_linrot.o(i.TSL_linrot_TouchStateProcess)
    TSL_obj_GroupInit                        0x080011d9   Thumb Code    88  tsl_object.o(i.TSL_obj_GroupInit)
    TSL_obj_GroupProcess                     0x08001235   Thumb Code    88  tsl_object.o(i.TSL_obj_GroupProcess)
    TSL_obj_SetGlobalObj                     0x08001291   Thumb Code    28  tsl_object.o(i.TSL_obj_SetGlobalObj)
    TSL_tim_CheckDelay_ms                    0x080012b1   Thumb Code    80  tsl_time.o(i.TSL_tim_CheckDelay_ms)
    TSL_tim_Init                             0x08001309   Thumb Code    54  tsl_time_stm32f0xx.o(i.TSL_tim_Init)
    TSL_tim_ProcessIT                        0x08001351   Thumb Code    44  tsl_time.o(i.TSL_tim_ProcessIT)
    TSL_user_Action                          0x08001389   Thumb Code   130  tsl_user.o(i.TSL_user_Action)
    TSL_user_Init                            0x08001415   Thumb Code    16  tsl_user.o(i.TSL_user_Init)
    __scatterload_copy                       0x0800142d   Thumb Code    14  handlers.o(i.__scatterload_copy)
    __scatterload_null                       0x0800143b   Thumb Code     2  handlers.o(i.__scatterload_null)
    __scatterload_zeroinit                   0x0800143d   Thumb Code    14  handlers.o(i.__scatterload_zeroinit)
    main                                     0x0800144d   Thumb Code    88  main.o(i.main)
    TSL_POSOFF_3CH_LIN_H                     0x080014b8   Data          18  tsl_linrot.o(.constdata)
    MyChannels_Src                           0x080014cc   Data          36  tsl_user.o(.constdata)
    MyChannels_Dest                          0x080014f0   Data           6  tsl_user.o(.constdata)
    MyBanks                                  0x080014f8   Data          24  tsl_user.o(.constdata)
    MyLinRots_StateMachine                   0x08001510   Data         160  tsl_user.o(.constdata)
    MyLinRots_Methods                        0x080015b0   Data          12  tsl_user.o(.constdata)
    MyLinRot0_DeltaCoeff                     0x080015bc   Data           6  tsl_user.o(.constdata)
    MyLinRots                                0x080015c4   Data          36  tsl_user.o(.constdata)
    MyObjects                                0x080015e8   Data           8  tsl_user.o(.constdata)
    Region$$Table$$Base                      0x080015f0   Number         0  anon$$obj.o(Region$$Table)
    Region$$Table$$Limit                     0x08001610   Number         0  anon$$obj.o(Region$$Table)
    SystemCoreClock                          0x20000000   Data           4  system_stm32f0xx.o(.data)
    AHBPrescTable                            0x20000004   Data          16  system_stm32f0xx.o(.data)
    DelayDischarge                           0x20000014   Data           4  tsl_acq_stm32f0xx.o(.data)
    Gv_SystickCounter                        0x20000024   Data           4  main.o(.data)
    Gv_ECS_last_tick                         0x20000028   Data           2  tsl_user.o(.data)
    Gv_ProcessSensor                         0x20000034   Data           4  tsl_user.o(.data)
    MyObjGroup                               0x20000038   Data          16  tsl_user.o(.data)
    TSL_Params                               0x20000048   Data          16  tsl_user.o(.data)
    MyLinRots_Data                           0x20000058   Data           8  tsl_user.o(.data)
    TSL_Globals                              0x20000060   Data          20  tsl_globals.o(.bss)
    MyChannels_Data                          0x20000074   Data          36  tsl_user.o(.bss)
    MyLinRots_Param                          0x20000098   Data          10  tsl_user.o(.bss)
    __initial_sp                             0x200004a8   Data           0  startup_stm32f072.o(STACK)



==============================================================================

Memory Map of the image

  Image Entry point : 0x080000c1

  Load Region LR_IROM1 (Base: 0x08000000, Size: 0x00001670, Max: 0x00010000, ABSOLUTE)

    Execution Region ER_IROM1 (Base: 0x08000000, Size: 0x00001610, Max: 0x00010000, ABSOLUTE)

    Base Addr    Size         Type   Attr      Idx    E Section Name        Object

    0x08000000   0x000000c0   Data   RO            3    RESET               startup_stm32f072.o
    0x080000c0   0x00000000   Code   RO         2217  * .ARM.Collect$$$$00000000  mc_p.l(entry.o)
    0x080000c0   0x00000004   Code   RO         2222    .ARM.Collect$$$$00000001  mc_p.l(entry2.o)
    0x080000c4   0x00000004   Code   RO         2225    .ARM.Collect$$$$00000004  mc_p.l(entry5.o)
    0x080000c8   0x00000000   Code   RO         2227    .ARM.Collect$$$$00000008  mc_p.l(entry7b.o)
    0x080000c8   0x00000000   Code   RO         2229    .ARM.Collect$$$$0000000A  mc_p.l(entry8b.o)
    0x080000c8   0x00000008   Code   RO         2230    .ARM.Collect$$$$0000000B  mc_p.l(entry9a.o)
    0x080000d0   0x00000000   Code   RO         2232    .ARM.Collect$$$$0000000D  mc_p.l(entry10a.o)
    0x080000d0   0x00000000   Code   RO         2234    .ARM.Collect$$$$0000000F  mc_p.l(entry11a.o)
    0x080000d0   0x00000004   Code   RO         2223    .ARM.Collect$$$$00002712  mc_p.l(entry2.o)
    0x080000d4   0x0000001c   Code   RO            4    .text               startup_stm32f072.o
    0x080000f0   0x0000002c   Code   RO         2220    .text               mc_p.l(uidiv.o)
    0x0800011c   0x00000024   Code   RO         2236    .text               mc_p.l(init.o)
    0x08000140   0x00000020   Code   RO         2162    i.EXTI0_1_IRQHandler  stm32f0xx_it.o
    0x08000160   0x00000070   Code   RO          404    i.GPIO_Init         stm32f0xx_gpio.o
    0x080001d0   0x00000002   Code   RO         2163    i.HardFault_Handler  stm32f0xx_it.o
    0x080001d2   0x00000002   PAD
    0x080001d4   0x0000007c   Code   RO         2041    i.Init_Std_GPIOs    main.o
    0x08000250   0x00000028   Code   RO         2042    i.MyLinRots_ErrorStateProcess  main.o
    0x08000278   0x00000002   Code   RO         2043    i.MyLinRots_OffStateProcess  main.o
    0x0800027a   0x00000002   Code   RO         2164    i.NMI_Handler       stm32f0xx_it.o
    0x0800027c   0x00000002   Code   RO         2165    i.PendSV_Handler    stm32f0xx_it.o
    0x0800027e   0x00000002   PAD
    0x08000280   0x00000068   Code   RO         2044    i.ProcessSensors    main.o
    0x080002e8   0x00000002   Code   RO         2166    i.SVC_Handler       stm32f0xx_it.o
    0x080002ea   0x00000002   PAD
    0x080002ec   0x00000068   Code   RO           12    i.SetSysClock       system_stm32f0xx.o
    0x08000354   0x0000000a   Code   RO         1528    i.SoftDelay         tsl_acq_stm32f0xx.o
    0x0800035e   0x00000002   PAD
    0x08000360   0x0000001c   Code   RO         2167    i.SysTick_Handler   stm32f0xx_it.o
    0x0800037c   0x00000064   Code   RO           14    i.SystemInit        system_stm32f0xx.o
    0x080003e0   0x00000014   Code   RO         2045    i.SystickDelay      main.o
    0x080003f4   0x00000018   Code   RO         1425    i.TSL_Init          tsl.o
    0x0800040c   0x00000060   Code   RO         1529    i.TSL_acq_BankConfig  tsl_acq_stm32f0xx.o
    0x0800046c   0x00000124   Code   RO         1497    i.TSL_acq_BankGetResult  tsl_acq.o
    0x08000590   0x00000030   Code   RO         1530    i.TSL_acq_BankStartAcq  tsl_acq_stm32f0xx.o
    0x080005c0   0x00000024   Code   RO         1531    i.TSL_acq_BankWaitEOC  tsl_acq_stm32f0xx.o
    0x080005e4   0x00000004   Code   RO         1532    i.TSL_acq_CheckNoise  tsl_acq_stm32f0xx.o
    0x080005e8   0x00000006   Code   RO         1533    i.TSL_acq_ComputeDelta  tsl_acq_stm32f0xx.o
    0x080005ee   0x00000006   Code   RO         1534    i.TSL_acq_ComputeMeas  tsl_acq_stm32f0xx.o
    0x080005f4   0x00000010   Code   RO         1535    i.TSL_acq_GetMeas   tsl_acq_stm32f0xx.o
    0x08000604   0x00000074   Code   RO         1536    i.TSL_acq_Init      tsl_acq_stm32f0xx.o
    0x08000678   0x000000a8   Code   RO         1537    i.TSL_acq_InitGPIOs  tsl_acq_stm32f0xx.o
    0x08000720   0x00000004   Code   RO         1538    i.TSL_acq_TestFirstReferenceIsValid  tsl_acq_stm32f0xx.o
    0x08000724   0x00000004   Code   RO         1539    i.TSL_acq_TestReferenceOutOfRange  tsl_acq_stm32f0xx.o
    0x08000728   0x00000004   Code   RO         1540    i.TSL_acq_UseFilter  tsl_acq_stm32f0xx.o
    0x0800072c   0x00000002   Code   RO         1626    i.TSL_dxs_FirstObj  tsl_dxs.o
    0x0800072e   0x00000002   PAD
    0x08000730   0x0000009c   Code   RO         1646    i.TSL_ecs_CalcK     tsl_ecs.o
    0x080007cc   0x00000080   Code   RO         1647    i.TSL_ecs_Process   tsl_ecs.o
    0x0800084c   0x000000b0   Code   RO         1648    i.TSL_ecs_ProcessK  tsl_ecs.o
    0x080008fc   0x00000294   Code   RO         1725    i.TSL_linrot_CalcPos  tsl_linrot.o
    0x08000b90   0x000000c8   Code   RO         1726    i.TSL_linrot_CalibrationStateProcess  tsl_linrot.o
    0x08000c58   0x00000048   Code   RO         1728    i.TSL_linrot_DebCalibrationStateProcess  tsl_linrot.o
    0x08000ca0   0x00000048   Code   RO         1729    i.TSL_linrot_DebDetectStateProcess  tsl_linrot.o
    0x08000ce8   0x0000006c   Code   RO         1730    i.TSL_linrot_DebErrorStateProcess  tsl_linrot.o
    0x08000d54   0x00000048   Code   RO         1731    i.TSL_linrot_DebReleaseDetectStateProcess  tsl_linrot.o
    0x08000d9c   0x00000048   Code   RO         1732    i.TSL_linrot_DebReleaseTouchStateProcess  tsl_linrot.o
    0x08000de4   0x00000074   Code   RO         1733    i.TSL_linrot_DetectStateProcess  tsl_linrot.o
    0x08000e58   0x00000024   Code   RO         1735    i.TSL_linrot_GetStateMask  tsl_linrot.o
    0x08000e7c   0x00000058   Code   RO         1736    i.TSL_linrot_Init   tsl_linrot.o
    0x08000ed4   0x00000050   Code   RO         1739    i.TSL_linrot_Process  tsl_linrot.o
    0x08000f24   0x00000028   Code   RO         1741    i.TSL_linrot_ProcessCh_All_ClearRef  tsl_linrot.o
    0x08000f4c   0x00000030   Code   RO         1743    i.TSL_linrot_ProcessCh_All_SetStatus  tsl_linrot.o
    0x08000f7c   0x0000002c   Code   RO         1744    i.TSL_linrot_ProcessCh_One_AcqStatusError  tsl_linrot.o
    0x08000fa8   0x00000030   Code   RO         1745    i.TSL_linrot_ProcessCh_One_DataReady  tsl_linrot.o
    0x08000fd8   0x0000002c   Code   RO         1746    i.TSL_linrot_ProcessCh_One_DeltaAbove  tsl_linrot.o
    0x08001004   0x0000002c   Code   RO         1747    i.TSL_linrot_ProcessCh_One_DeltaAboveEqu  tsl_linrot.o
    0x08001030   0x00000030   Code   RO         1748    i.TSL_linrot_ProcessCh_One_DeltaBelowEquMinus  tsl_linrot.o
    0x08001060   0x00000084   Code   RO         1749    i.TSL_linrot_ReleaseStateProcess  tsl_linrot.o
    0x080010e4   0x0000005c   Code   RO         1751    i.TSL_linrot_SetStateCalibration  tsl_linrot.o
    0x08001140   0x00000024   Code   RO         1752    i.TSL_linrot_SetStateOff  tsl_linrot.o
    0x08001164   0x00000074   Code   RO         1753    i.TSL_linrot_TouchStateProcess  tsl_linrot.o
    0x080011d8   0x0000005c   Code   RO         1939    i.TSL_obj_GroupInit  tsl_object.o
    0x08001234   0x0000005c   Code   RO         1940    i.TSL_obj_GroupProcess  tsl_object.o
    0x08001290   0x00000020   Code   RO         1941    i.TSL_obj_SetGlobalObj  tsl_object.o
    0x080012b0   0x00000058   Code   RO         1971    i.TSL_tim_CheckDelay_ms  tsl_time.o
    0x08001308   0x00000048   Code   RO         2004    i.TSL_tim_Init      tsl_time_stm32f0xx.o
    0x08001350   0x00000038   Code   RO         1973    i.TSL_tim_ProcessIT  tsl_time.o
    0x08001388   0x0000008c   Code   RO         2107    i.TSL_user_Action   tsl_user.o
    0x08001414   0x00000018   Code   RO         2108    i.TSL_user_Init     tsl_user.o
    0x0800142c   0x0000000e   Code   RO         2240    i.__scatterload_copy  mc_p.l(handlers.o)
    0x0800143a   0x00000002   Code   RO         2241    i.__scatterload_null  mc_p.l(handlers.o)
    0x0800143c   0x0000000e   Code   RO         2242    i.__scatterload_zeroinit  mc_p.l(handlers.o)
    0x0800144a   0x00000002   PAD
    0x0800144c   0x0000006c   Code   RO         2047    i.main              main.o
    0x080014b8   0x00000012   Data   RO         1756    .constdata          tsl_linrot.o
    0x080014ca   0x00000002   PAD
    0x080014cc   0x00000024   Data   RO         2112    .constdata          tsl_user.o
    0x080014f0   0x00000006   Data   RO         2113    .constdata          tsl_user.o
    0x080014f6   0x00000002   PAD
    0x080014f8   0x00000018   Data   RO         2114    .constdata          tsl_user.o
    0x08001510   0x000000a0   Data   RO         2115    .constdata          tsl_user.o
    0x080015b0   0x0000000c   Data   RO         2116    .constdata          tsl_user.o
    0x080015bc   0x00000006   Data   RO         2117    .constdata          tsl_user.o
    0x080015c2   0x00000002   PAD
    0x080015c4   0x00000024   Data   RO         2118    .constdata          tsl_user.o
    0x080015e8   0x00000008   Data   RO         2119    .constdata          tsl_user.o
    0x080015f0   0x00000020   Data   RO         2238    Region$$Table       anon$$obj.o


    Execution Region RW_IRAM1 (Base: 0x20000000, Size: 0x000004a8, Max: 0x00004000, ABSOLUTE)

    Base Addr    Size         Type   Attr      Idx    E Section Name        Object

    0x20000000   0x00000014   Data   RW           15    .data               system_stm32f0xx.o
    0x20000014   0x00000004   Data   RW         1541    .data               tsl_acq_stm32f0xx.o
    0x20000018   0x0000000a   Data   RW         1771    .data               tsl_linrot.o
    0x20000022   0x00000002   Data   RW         1974    .data               tsl_time.o
    0x20000024   0x00000004   Data   RW         2048    .data               main.o
    0x20000028   0x00000020   Data   RW         2120    .data               tsl_user.o
    0x20000048   0x00000010   Data   RW         2121    .data               tsl_user.o
    0x20000058   0x00000008   Data   RW         2122    .data               tsl_user.o
    0x20000060   0x00000014   Zero   RW         1704    .bss                tsl_globals.o
    0x20000074   0x00000024   Zero   RW         2110    .bss                tsl_user.o
    0x20000098   0x0000000a   Zero   RW         2111    .bss                tsl_user.o
    0x200000a2   0x00000006   PAD
    0x200000a8   0x00000400   Zero   RW            1    STACK               startup_stm32f072.o


==============================================================================

Image component sizes


      Code (inc. data)   RO Data    RW Data    ZI Data      Debug   Object Name

       398         64          0          4          0       9070   main.o
        28          8        192          0       1024        736   startup_stm32f072.o
       112          0          0          0          0       1172   stm32f0xx_gpio.o
        68         16          0          0          0       2476   stm32f0xx_it.o
       204         24          0         20          0     154793   system_stm32f0xx.o
        24          4          0          0          0      11450   tsl.o
       292          8          0          0          0       1820   tsl_acq.o
       518         72          0          4          0       8560   tsl_acq_stm32f0xx.o
         2          0          0          0          0       1287   tsl_dxs.o
       460         22          0          0          0       4489   tsl_ecs.o
         0          0          0          0         20        939   tsl_globals.o
      2268        144         18         10          0      18687   tsl_linrot.o
       216         12          0          0          0       2538   tsl_object.o
       144         20          0          2          0       1656   tsl_time.o
        72         18          0          0          0       6383   tsl_time_stm32f0xx.o
       164         18        288         56         46       3182   tsl_user.o

    ----------------------------------------------------------------------
      4980        430        536         96       1096     229238   Object Totals
         0          0         32          0          0          0   (incl. Generated)
        10          0          6          0          6          0   (incl. Padding)

    ----------------------------------------------------------------------

      Code (inc. data)   RO Data    RW Data    ZI Data      Debug   Library Member Name

         0          0          0          0          0          0   entry.o
         0          0          0          0          0          0   entry10a.o
         0          0          0          0          0          0   entry11a.o
         8          4          0          0          0          0   entry2.o
         4          0          0          0          0          0   entry5.o
         0          0          0          0          0          0   entry7b.o
         0          0          0          0          0          0   entry8b.o
         8          4          0          0          0          0   entry9a.o
        30          0          0          0          0          0   handlers.o
        36          8          0          0          0         68   init.o
        44          0          0          0          0         72   uidiv.o

    ----------------------------------------------------------------------
       132         16          0          0          0        140   Library Totals
         2          0          0          0          0          0   (incl. Padding)

    ----------------------------------------------------------------------

      Code (inc. data)   RO Data    RW Data    ZI Data      Debug   Library Name

       130         16          0          0          0        140   mc_p.l

    ----------------------------------------------------------------------
       132         16          0          0          0        140   Library Totals

    ----------------------------------------------------------------------

==============================================================================


      Code (inc. data)   RO Data    RW Data    ZI Data      Debug   

      5112        446        536         96       1096     227066   Grand Totals
      5112        446        536         96       1096     227066   ELF Image Totals
      5112        446        536         96          0          0   ROM Totals

==============================================================================

    Total RO  Size (Code + RO Data)                 5648 (   5.52kB)
    Total RW  Size (RW Data + ZI Data)              1192 (   1.16kB)
    Total ROM Size (Code + RO Data + RW Data)       5744 (   5.61kB)

==============================================================================

