<html>
<body>
<pre>
<h1>µVision Build Log</h1>
<h2>Tool Versions:</h2>
IDE-Version: µVision V5.21.1.0
Copyright (C) 2016 ARM Ltd and ARM Germany GmbH. All rights reserved.
License Information: Daniel Avery, none, LIC=----
 
Tool Versions:
Toolchain:       MDK-Lite  Version: 5.21a
Toolchain Path:  C:\Keil_v5\ARM\ARMCC\Bin
C Compiler:      Armcc.exe V5.06 update 3 (build 300)
Assembler:       Armasm.exe V5.06 update 3 (build 300)
Linker/Locator:  ArmLink.exe V5.06 update 3 (build 300)
Library Manager: ArmAr.exe V5.06 update 3 (build 300)
Hex Converter:   FromElf.exe V5.06 update 3 (build 300)
CPU DLL:         SARMCM3.DLL V5.21a
Dialog DLL:      DARMCM1.DLL V1.14.0.0
Target DLL:      STLink\ST-LINKIII-KEIL_SWO.dll V2.0.18.0
Dialog DLL:      TARMCM1.DLL V1.10.0.0
 
<h2>Project:</h2>
C:\Users\Daniel\CS5780\RCCameraArm\STMRemote\MDK-ARM\STMRemote.uvprojx
Project File Date:  04/12/2017

<h2>Output:</h2>
*** Using Compiler 'V5.06 update 3 (build 300)', folder: 'C:\Keil_v5\ARM\ARMCC\Bin'
Build target 'STMRemote'
assembling startup_stm32f072.s...
compiling stm32f0xx_exti.c...
compiling system_stm32f0xx.c...
compiling stm32f0xx_gpio.c...
compiling stm32f0xx_spi.c...
compiling stm32f0xx_misc.c...
compiling stm32f0xx_usart.c...
compiling stm32f0xx_rcc.c...
compiling stm32f0xx_syscfg.c...
compiling tsl.c...
compiling tsl_acq.c...
compiling stm32f0xx_i2c.c...
compiling tsl_acq_stm32f0xx.c...
compiling tsl_dxs.c...
compiling tsl_ecs.c...
compiling tsl_filter.c...
compiling tsl_globals.c...
compiling tsl_time_stm32f0xx.c...
compiling tsl_object.c...
compiling tsl_time.c...
compiling tsl_touchkey.c...
compiling tsl_linrot.c...
compiling main.c...
compiling tsl_user.c...
compiling stm32f0xx_it.c...
linking...
Program Size: Code=5112 RO-data=536 RW-data=96 ZI-data=1096  
"STM32F072B\STM32F072B.axf" - 0 Error(s), 0 Warning(s).

<h2>Collection of Component include folders:</h2>
  C:\Users\Daniel\CS5780\RCCameraArm\STMRemote\MDK-ARM\RTE
  C:\Keil_v5\ARM\PACK\Keil\STM32F0xx_DFP\1.5.0\Device\Include

<h2>Collection of Component Files used:</h2>
Build Time Elapsed:  00:00:02
</pre>
</body>
</html>
